Archive member included to satisfy reference by file (symbol)

c:/program files (x86)/atmel/studio/7.0/toolchain/arm/arm-gnu-toolchain/bin/../lib/gcc/arm-none-eabi/6.3.1/thumb/v6-m\libgcc.a(_udivsi3.o)
                              hpl/core/hpl_core_m0plus_base.o (__aeabi_uidiv)
c:/program files (x86)/atmel/studio/7.0/toolchain/arm/arm-gnu-toolchain/bin/../lib/gcc/arm-none-eabi/6.3.1/thumb/v6-m\libgcc.a(_divsi3.o)
                              linkkit/example/mqtt_example_at.o (__aeabi_idivmod)
c:/program files (x86)/atmel/studio/7.0/toolchain/arm/arm-gnu-toolchain/bin/../lib/gcc/arm-none-eabi/6.3.1/thumb/v6-m\libgcc.a(_dvmd_tls.o)
                              c:/program files (x86)/atmel/studio/7.0/toolchain/arm/arm-gnu-toolchain/bin/../lib/gcc/arm-none-eabi/6.3.1/thumb/v6-m\libgcc.a(_udivsi3.o) (__aeabi_idiv0)
c:/program files (x86)/atmel/studio/7.0/toolchain/arm/arm-gnu-toolchain/bin/../lib/gcc/arm-none-eabi/6.3.1/thumb/v6-m\libgcc.a(_aeabi_uldivmod.o)
                              hpl/sercom/hpl_sercom.o (__aeabi_uldivmod)
c:/program files (x86)/atmel/studio/7.0/toolchain/arm/arm-gnu-toolchain/bin/../lib/gcc/arm-none-eabi/6.3.1/thumb/v6-m\libgcc.a(_muldi3.o)
                              hpl/sercom/hpl_sercom.o (__aeabi_lmul)
c:/program files (x86)/atmel/studio/7.0/toolchain/arm/arm-gnu-toolchain/bin/../lib/gcc/arm-none-eabi/6.3.1/thumb/v6-m\libgcc.a(_fixunsdfsi.o)
                              hpl/sercom/hpl_sercom.o (__aeabi_d2uiz)
c:/program files (x86)/atmel/studio/7.0/toolchain/arm/arm-gnu-toolchain/bin/../lib/gcc/arm-none-eabi/6.3.1/thumb/v6-m\libgcc.a(_udivmoddi4.o)
                              c:/program files (x86)/atmel/studio/7.0/toolchain/arm/arm-gnu-toolchain/bin/../lib/gcc/arm-none-eabi/6.3.1/thumb/v6-m\libgcc.a(_aeabi_uldivmod.o) (__udivmoddi4)
c:/program files (x86)/atmel/studio/7.0/toolchain/arm/arm-gnu-toolchain/bin/../lib/gcc/arm-none-eabi/6.3.1/thumb/v6-m\libgcc.a(divdf3.o)
                              hpl/sercom/hpl_sercom.o (__aeabi_ddiv)
c:/program files (x86)/atmel/studio/7.0/toolchain/arm/arm-gnu-toolchain/bin/../lib/gcc/arm-none-eabi/6.3.1/thumb/v6-m\libgcc.a(muldf3.o)
                              hpl/sercom/hpl_sercom.o (__aeabi_dmul)
c:/program files (x86)/atmel/studio/7.0/toolchain/arm/arm-gnu-toolchain/bin/../lib/gcc/arm-none-eabi/6.3.1/thumb/v6-m\libgcc.a(subdf3.o)
                              hpl/sercom/hpl_sercom.o (__aeabi_dsub)
c:/program files (x86)/atmel/studio/7.0/toolchain/arm/arm-gnu-toolchain/bin/../lib/gcc/arm-none-eabi/6.3.1/thumb/v6-m\libgcc.a(fixdfsi.o)
                              c:/program files (x86)/atmel/studio/7.0/toolchain/arm/arm-gnu-toolchain/bin/../lib/gcc/arm-none-eabi/6.3.1/thumb/v6-m\libgcc.a(_fixunsdfsi.o) (__aeabi_d2iz)
c:/program files (x86)/atmel/studio/7.0/toolchain/arm/arm-gnu-toolchain/bin/../lib/gcc/arm-none-eabi/6.3.1/thumb/v6-m\libgcc.a(floatsidf.o)
                              hpl/sercom/hpl_sercom.o (__aeabi_i2d)
c:/program files (x86)/atmel/studio/7.0/toolchain/arm/arm-gnu-toolchain/bin/../lib/gcc/arm-none-eabi/6.3.1/thumb/v6-m\libgcc.a(floatunsidf.o)
                              hpl/sercom/hpl_sercom.o (__aeabi_ui2d)
c:/program files (x86)/atmel/studio/7.0/toolchain/arm/arm-gnu-toolchain/bin/../lib/gcc/arm-none-eabi/6.3.1/thumb/v6-m\libgcc.a(_arm_cmpdf2.o)
                              c:/program files (x86)/atmel/studio/7.0/toolchain/arm/arm-gnu-toolchain/bin/../lib/gcc/arm-none-eabi/6.3.1/thumb/v6-m\libgcc.a(_fixunsdfsi.o) (__aeabi_dcmpge)
c:/program files (x86)/atmel/studio/7.0/toolchain/arm/arm-gnu-toolchain/bin/../lib/gcc/arm-none-eabi/6.3.1/thumb/v6-m\libgcc.a(_clzsi2.o)
                              c:/program files (x86)/atmel/studio/7.0/toolchain/arm/arm-gnu-toolchain/bin/../lib/gcc/arm-none-eabi/6.3.1/thumb/v6-m\libgcc.a(divdf3.o) (__clzsi2)
c:/program files (x86)/atmel/studio/7.0/toolchain/arm/arm-gnu-toolchain/bin/../lib/gcc/arm-none-eabi/6.3.1/thumb/v6-m\libgcc.a(_clzdi2.o)
                              c:/program files (x86)/atmel/studio/7.0/toolchain/arm/arm-gnu-toolchain/bin/../lib/gcc/arm-none-eabi/6.3.1/thumb/v6-m\libgcc.a(_udivmoddi4.o) (__clzdi2)
c:/program files (x86)/atmel/studio/7.0/toolchain/arm/arm-gnu-toolchain/bin/../lib/gcc/arm-none-eabi/6.3.1/thumb/v6-m\libgcc.a(eqdf2.o)
                              c:/program files (x86)/atmel/studio/7.0/toolchain/arm/arm-gnu-toolchain/bin/../lib/gcc/arm-none-eabi/6.3.1/thumb/v6-m\libgcc.a(_arm_cmpdf2.o) (__eqdf2)
c:/program files (x86)/atmel/studio/7.0/toolchain/arm/arm-gnu-toolchain/bin/../lib/gcc/arm-none-eabi/6.3.1/thumb/v6-m\libgcc.a(gedf2.o)
                              c:/program files (x86)/atmel/studio/7.0/toolchain/arm/arm-gnu-toolchain/bin/../lib/gcc/arm-none-eabi/6.3.1/thumb/v6-m\libgcc.a(_arm_cmpdf2.o) (__gedf2)
c:/program files (x86)/atmel/studio/7.0/toolchain/arm/arm-gnu-toolchain/bin/../lib/gcc/arm-none-eabi/6.3.1/thumb/v6-m\libgcc.a(ledf2.o)
[...]
Memory Configuration

Name             Origin             Length             Attributes
rom              0x00000000         0x00040000         xr
ram              0x20000000         0x00008000         xrw
lpram            0x30000000         0x00002000         xrw
*default*        0x00000000         0xffffffff

Linker script and memory map

LOAD c:/program files (x86)/atmel/studio/7.0/toolchain/arm/arm-gnu-toolchain/bin/../lib/gcc/arm-none-eabi/6.3.1/thumb/v6-m/crti.o
LOAD c:/program files (x86)/atmel/studio/7.0/toolchain/arm/arm-gnu-toolchain/bin/../lib/gcc/arm-none-eabi/6.3.1/thumb/v6-m/crtbegin.o
LOAD c:/program files (x86)/atmel/studio/7.0/toolchain/arm/arm-gnu-toolchain/bin/../lib/gcc/arm-none-eabi/6.3.1/../../../../arm-none-eabi/lib/thumb/v6-m/crt0.o
LOAD atmel_start.o
LOAD Device_Startup/startup_saml21.o
LOAD Device_Startup/system_saml21.o
LOAD driver_init.o
LOAD atsaml21_sim800tcp_basic.o
LOAD examples/driver_examples.o
LOAD hal/src/hal_atomic.o
LOAD hal/src/hal_delay.o
LOAD hal/src/hal_gpio.o
LOAD hal/src/hal_init.o
LOAD hal/src/hal_io.o
LOAD hal/src/hal_sleep.o
LOAD hal/src/hal_usart_async.o
LOAD hal/src/hal_usart_sync.o
LOAD hal/utils/src/utils_assert.o
LOAD hal/utils/src/utils_event.o
LOAD hal/utils/src/utils_list.o
LOAD hal/utils/src/utils_ringbuffer.o
LOAD hal/utils/src/utils_syscalls.o
LOAD hpl/core/hpl_core_m0plus_base.o
LOAD hpl/core/hpl_init.o
LOAD hpl/dmac/hpl_dmac.o
LOAD hpl/gclk/hpl_gclk.o
LOAD hpl/mclk/hpl_mclk.o
LOAD hpl/osc32kctrl/hpl_osc32kctrl.o
LOAD hpl/oscctrl/hpl_oscctrl.o
LOAD hpl/pm/hpl_pm.o
LOAD hpl/sercom/hpl_sercom.o
LOAD linkkit/atm/at_api.o
LOAD linkkit/atm/at_conn_mbox.o
LOAD linkkit/atm/at_conn_mgmt.o
LOAD linkkit/atm/at_parser.o
LOAD linkkit/atm/at_tcp.o
LOAD linkkit/atm/sim800.o
LOAD linkkit/dev_sign/dev_sign_mqtt.o
LOAD linkkit/example/mqtt_example_at.o
LOAD linkkit/infra/infra_defs.o
LOAD linkkit/infra/infra_net.o
LOAD linkkit/infra/infra_report.o
LOAD linkkit/infra/infra_sha256.o
LOAD linkkit/infra/infra_string.o
LOAD linkkit/infra/infra_timer.o
LOAD linkkit/mqtt/iotx_mqtt_client.o
LOAD linkkit/mqtt/MQTTConnectClient.o
LOAD linkkit/mqtt/MQTTDeserializePublish.o
LOAD linkkit/mqtt/MQTTPacket.o
LOAD linkkit/mqtt/MQTTSerializePublish.o
LOAD linkkit/mqtt/MQTTSubscribeClient.o
LOAD linkkit/mqtt/MQTTUnsubscribeClient.o
LOAD linkkit/mqtt/mqtt_api.o
LOAD linkkit/wrappers/wrapper.o
LOAD stdio_redirect/gcc/read.o
LOAD stdio_redirect/gcc/write.o
LOAD stdio_redirect/stdio_io.o
LOAD stdio_start.o
LOAD time_tick_sam.o
START GROUP
LOAD c:/program files (x86)/atmel/studio/7.0/toolchain/arm/arm-gnu-toolchain/bin/../lib/gcc/arm-none-eabi/6.3.1/../../../../arm-none-eabi/lib/thumb/v6-m\libm.a
END GROUP
START GROUP
LOAD c:/program files (x86)/atmel/studio/7.0/toolchain/arm/arm-gnu-toolchain/bin/../lib/gcc/arm-none-eabi/6.3.1/thumb/v6-m\libgcc.a
LOAD c:/program files (x86)/atmel/studio/7.0/toolchain/arm/arm-gnu-toolchain/bin/../lib/gcc/arm-none-eabi/6.3.1/../../../../arm-none-eabi/lib/thumb/v6-m\libc_nano.a
END GROUP
START GROUP
LOAD c:/program files (x86)/atmel/studio/7.0/toolchain/arm/arm-gnu-toolchain/bin/../lib/gcc/arm-none-eabi/6.3.1/thumb/v6-m\libgcc.a
LOAD c:/program files (x86)/atmel/studio/7.0/toolchain/arm/arm-gnu-toolchain/bin/../lib/gcc/arm-none-eabi/6.3.1/../../../../arm-none-eabi/lib/thumb/v6-m\libc_nano.a
END GROUP
LOAD c:/program files (x86)/atmel/studio/7.0/toolchain/arm/arm-gnu-toolchain/bin/../lib/gcc/arm-none-eabi/6.3.1/thumb/v6-m/crtend.o
LOAD c:/program files (x86)/atmel/studio/7.0/toolchain/arm/arm-gnu-toolchain/bin/../lib/gcc/arm-none-eabi/6.3.1/thumb/v6-m/crtn.o
                0x00002000                STACK_SIZE = DEFINED (STACK_SIZE)?STACK_SIZE:DEFINED (__stack_size__)?__stack_size__:0x2000

.text           0x00000000     0xb6f4
                0x00000000                . = ALIGN (0x4)
                0x00000000                _sfixed = .
 *(.vectors .vectors.*)
 .vectors       0x00000000       0xb4 Device_Startup/startup_saml21.o
                0x00000000                exception_table
 *(.text .text.* .gnu.linkonce.t.*)
 .text          0x000000b4       0x60 c:/program files (x86)/atmel/studio/7.0/toolchain/arm/arm-gnu-toolchain/bin/../lib/gcc/arm-none-eabi/6.3.1/thumb/v6-m/crtbegin.o
 .text.atmel_start_init
                0x00000114       0x14 atmel_start.o
                0x00000114                atmel_start_init
 .text.Dummy_Handler
                0x00000128        0x2 Device_Startup/startup_saml21.o
                0x00000128                SVCall_Handler
                0x00000128                DMAC_Handler
                0x00000128                TRNG_Handler
                0x00000128                HardFault_Handler
                0x00000128                TC2_Handler
                0x00000128                AC_Handler
                0x00000128                PendSV_Handler
                0x00000128                SERCOM1_Handler
                0x00000128                ADC_Handler
                0x00000128                NonMaskableInt_Handler
                0x00000128                TCC1_Handler
                0x00000128                SERCOM2_Handler
                0x00000128                TCC0_Handler
                0x00000128                RTC_Handler
                0x00000128                EIC_Handler
                0x00000128                WDT_Handler
                0x00000128                TC4_Handler
                0x00000128                TC1_Handler
                0x00000128                USB_Handler
                0x00000128                TC3_Handler
                0x00000128                Dummy_Handler
                0x00000128                SERCOM5_Handler
                0x00000128                TCC2_Handler
                0x00000128                EVSYS_Handler
                0x00000128                SERCOM3_Handler
                0x00000128                NVMCTRL_Handler
                0x00000128                SYSTEM_Handler
                0x00000128                SERCOM0_Handler
                0x00000128                DAC_Handler
                0x00000128                PTC_Handler
                0x00000128                TC0_Handler
                0x00000128                AES_Handler
 *fill*         0x0000012a        0x2 
 .text.Reset_Handler
                0x0000012c       0x98 Device_Startup/startup_saml21.o
                0x0000012c                Reset_Handler
 .text.TARGET_IO_PORT_init
                0x000001c4       0x40 driver_init.o
                0x000001c4                TARGET_IO_PORT_init
 .text.TARGET_IO_CLOCK_init
                0x00000204       0x20 driver_init.o
                0x00000204                TARGET_IO_CLOCK_init
 .text.TARGET_IO_init
                0x00000224       0x2c driver_init.o
                0x00000224                TARGET_IO_init
 .text.USART_0_CLOCK_init
                0x00000250       0x24 driver_init.o
                0x00000250                USART_0_CLOCK_init
 .text.USART_0_PORT_init
                0x00000274       0x40 driver_init.o
                0x00000274                USART_0_PORT_init
 .text.USART_0_init
                0x000002b4       0x3c driver_init.o
                0x000002b4                USART_0_init
 .text.system_init
                0x000002f0       0x4c driver_init.o
                0x000002f0                system_init
 .text.main     0x0000033c       0x1c atsaml21_sim800tcp_basic.o
                0x0000033c                main
 .text.atomic_enter_critical
                0x00000358        0xe hal/src/hal_atomic.o
                0x00000358                atomic_enter_critical
 .text.atomic_leave_critical
                0x00000366        0xc hal/src/hal_atomic.o
                0x00000366                atomic_leave_critical
 *fill*         0x00000372        0x2 
 .text.delay_ms
                0x00000374       0x20 hal/src/hal_delay.o
                0x00000374                delay_ms
 .text.io_write
                0x00000394       0x34 hal/src/hal_io.o
                0x00000394                io_write
 .text.io_read  0x000003c8       0x34 hal/src/hal_io.o
                0x000003c8                io_read
 .text.usart_transmission_complete
                0x000003fc       0x12 hal/src/hal_usart_async.o
 .text.usart_error
                0x0000040e       0x12 hal/src/hal_usart_async.o
 .text.usart_fill_rx_buffer
                0x00000420       0x1c hal/src/hal_usart_async.o
 .text.usart_async_write
                0x0000043c       0x64 hal/src/hal_usart_async.o
 .text.usart_process_byte_sent
                0x000004a0       0x40 hal/src/hal_usart_async.o
 .text.usart_async_read
                0x000004e0       0xe0 hal/src/hal_usart_async.o
 .text.usart_async_init
                0x000005c0       0x98 hal/src/hal_usart_async.o
                0x000005c0                usart_async_init
 .text.usart_async_enable
                0x00000658       0x2c hal/src/hal_usart_async.o
                0x00000658                usart_async_enable
 .text.usart_async_register_callback
                0x00000684       0x78 hal/src/hal_usart_async.o
                0x00000684                usart_async_register_callback
 .text.usart_async_is_rx_not_empty
                0x000006fc       0x30 hal/src/hal_usart_async.o
                0x000006fc                usart_async_is_rx_not_empty
 .text.usart_sync_write
                0x0000072c       0x7c hal/src/hal_usart_sync.o
 .text.usart_sync_read
                0x000007a8       0x68 hal/src/hal_usart_sync.o
 .text.usart_sync_init
                0x00000810       0x4c hal/src/hal_usart_sync.o
                0x00000810                usart_sync_init
 .text.usart_sync_enable
                0x0000085c       0x2c hal/src/hal_usart_sync.o
                0x0000085c                usart_sync_enable
 .text.assert   0x00000888        0x8 hal/utils/src/utils_assert.o
                0x00000888                assert
 .text.ringbuffer_init
                0x00000890       0x54 hal/utils/src/utils_ringbuffer.o
                0x00000890                ringbuffer_init
 .text.ringbuffer_get
                0x000008e4       0x48 hal/utils/src/utils_ringbuffer.o
                0x000008e4                ringbuffer_get
 .text.ringbuffer_put
                0x0000092c       0x40 hal/utils/src/utils_ringbuffer.o
                0x0000092c                ringbuffer_put
 .text.ringbuffer_num
                0x0000096c       0x24 hal/utils/src/utils_ringbuffer.o
                0x0000096c                ringbuffer_num
 .text._sbrk    0x00000990       0x24 hal/utils/src/utils_syscalls.o
                0x00000990                _sbrk
 .text._close   0x000009b4        0x6 hal/utils/src/utils_syscalls.o
                0x000009b4                _close
 .text._fstat   0x000009ba        0xa hal/utils/src/utils_syscalls.o
                0x000009ba                _fstat
 .text._isatty  0x000009c4        0x4 hal/utils/src/utils_syscalls.o
                0x000009c4                _isatty
 .text._lseek   0x000009c8        0x4 hal/utils/src/utils_syscalls.o
                0x000009c8                _lseek
 .text._get_cycles_for_ms
                0x000009cc       0x20 hpl/core/hpl_core_m0plus_base.o
                0x000009cc                _get_cycles_for_ms
 .text._delay_cycles
                0x000009ec        0x6 hpl/core/hpl_core_m0plus_base.o
                0x000009ec                _delay_cycles
 *fill*         0x000009f2        0x2 
 .text._init_chip
                0x000009f4       0x44 hpl/core/hpl_init.o
                0x000009f4                _init_chip
 .text._gclk_init_generators_by_fref
                0x00000a38       0x24 hpl/gclk/hpl_gclk.o
                0x00000a38                _gclk_init_generators_by_fref
 .text._mclk_init
                0x00000a5c       0x14 hpl/mclk/hpl_mclk.o
                0x00000a5c                _mclk_init
 .text._osc32kctrl_init_sources
                0x00000a70       0x18 hpl/osc32kctrl/hpl_osc32kctrl.o
                0x00000a70                _osc32kctrl_init_sources
 .text._oscctrl_init_sources
                0x00000a88       0x38 hpl/oscctrl/hpl_oscctrl.o
                0x00000a88                _oscctrl_init_sources
 .text._oscctrl_init_referenced_generators
                0x00000ac0        0x2 hpl/oscctrl/hpl_oscctrl.o
                0x00000ac0                _oscctrl_init_referenced_generators
 .text._set_performance_level
                0x00000ac2       0x2a hpl/pm/hpl_pm.o
                0x00000ac2                _set_performance_level
 .text._sercom_get_irq_num
                0x00000aec       0x1c hpl/sercom/hpl_sercom.o
 .text._usart_init
                0x00000b08      0x128 hpl/sercom/hpl_sercom.o
 .text._usart_sync_init
                0x00000c30       0x2c hpl/sercom/hpl_sercom.o
                0x00000c30                _usart_sync_init
 .text._usart_async_init
                0x00000c5c       0x78 hpl/sercom/hpl_sercom.o
                0x00000c5c                _usart_async_init
 .text._usart_sync_enable
                0x00000cd4       0x14 hpl/sercom/hpl_sercom.o
                0x00000cd4                _usart_sync_enable
 .text._usart_async_enable
                0x00000ce8       0x14 hpl/sercom/hpl_sercom.o
                0x00000ce8                _usart_async_enable
 .text._usart_sync_write_byte
                0x00000cfc        0x8 hpl/sercom/hpl_sercom.o
                0x00000cfc                _usart_sync_write_byte
 .text._usart_async_write_byte
                0x00000d04        0x8 hpl/sercom/hpl_sercom.o
                0x00000d04                _usart_async_write_byte
 .text._usart_sync_read_byte
                0x00000d0c        0x8 hpl/sercom/hpl_sercom.o
                0x00000d0c                _usart_sync_read_byte
 .text._usart_sync_is_ready_to_send
                0x00000d14        0xa hpl/sercom/hpl_sercom.o
                0x00000d14                _usart_sync_is_ready_to_send
 .text._usart_sync_is_transmit_done
                0x00000d1e        0xa hpl/sercom/hpl_sercom.o
                0x00000d1e                _usart_sync_is_transmit_done
 .text._usart_sync_is_byte_received
                0x00000d28        0xa hpl/sercom/hpl_sercom.o
                0x00000d28                _usart_sync_is_byte_received
 .text._usart_async_enable_byte_sent_irq
                0x00000d32        0x8 hpl/sercom/hpl_sercom.o
                0x00000d32                _usart_async_enable_byte_sent_irq
 .text._usart_async_enable_tx_done_irq
                0x00000d3a        0x8 hpl/sercom/hpl_sercom.o
                0x00000d3a                _usart_async_enable_tx_done_irq
 *fill*         0x00000d42        0x2 
 .text._usart_async_set_irq_state
                0x00000d44       0x74 hpl/sercom/hpl_sercom.o
                0x00000d44                _usart_async_set_irq_state
 .text.SERCOM4_Handler
                0x00000db8       0x6c hpl/sercom/hpl_sercom.o
                0x00000db8                SERCOM4_Handler
 .text.IOT_ATM_Init
                0x00000e24       0x20 linkkit/atm/at_api.o
                0x00000e24                IOT_ATM_Init
 .text.IOT_ATM_Input
                0x00000e44        0xc linkkit/atm/at_api.o
                0x00000e44                IOT_ATM_Input
 .text.at_ringbuf_available_read_space
                0x00000e50       0x1c linkkit/atm/at_conn_mbox.o
 .text.at_ringbuf_write
                0x00000e6c       0x6c linkkit/atm/at_conn_mbox.o
 .text.at_ringbuf_read
                0x00000ed8       0x6c linkkit/atm/at_conn_mbox.o
 .text.at_mbox_new
                0x00000f44       0x54 linkkit/atm/at_conn_mbox.o
                0x00000f44                at_mbox_new
 .text.at_mbox_free
                0x00000f98       0x7c linkkit/atm/at_conn_mbox.o
                0x00000f98                at_mbox_free
 .text.at_mbox_trypost
                0x00001014       0x20 linkkit/atm/at_conn_mbox.o
                0x00001014                at_mbox_trypost
 .text.at_mbox_valid
                0x00001034       0x12 linkkit/atm/at_conn_mbox.o
                0x00001034                at_mbox_valid
 *fill*         0x00001046        0x2 
 .text.at_mbox_fetch
                0x00001048       0x74 linkkit/atm/at_conn_mbox.o
                0x00001048                at_mbox_fetch
 .text.at_mbox_tryfetch
                0x000010bc       0x28 linkkit/atm/at_conn_mbox.o
                0x000010bc                at_mbox_tryfetch
 .text.at_mbox_empty
                0x000010e4       0x1c linkkit/atm/at_conn_mbox.o
                0x000010e4                at_mbox_empty
 .text.at_mbox_set_invalid
                0x00001100        0xa linkkit/atm/at_conn_mbox.o
                0x00001100                at_mbox_set_invalid
 *fill*         0x0000110a        0x2 
 .text.get_conn
                0x0000110c       0x28 linkkit/atm/at_conn_mgmt.o
 .text.at_conn_input
                0x00001134      0x108 linkkit/atm/at_conn_mgmt.o
                0x00001134                at_conn_input
 .text.at_conn_init
                0x0000123c       0x5c linkkit/atm/at_conn_mgmt.o
                0x0000123c                at_conn_init
 .text.at_conn_getaddrinfo
                0x00001298       0x44 linkkit/atm/at_conn_mgmt.o
                0x00001298                at_conn_getaddrinfo
 .text.at_conn_setup
                0x000012dc       0xdc linkkit/atm/at_conn_mgmt.o
                0x000012dc                at_conn_setup
 .text.at_conn_start
                0x000013b8       0xd0 linkkit/atm/at_conn_mgmt.o
                0x000013b8                at_conn_start
 .text.at_conn_close
                0x00001488       0xd4 linkkit/atm/at_conn_mgmt.o
                0x00001488                at_conn_close
 .text.at_conn_recvbufempty
                0x0000155c       0x44 linkkit/atm/at_conn_mgmt.o
                0x0000155c                at_conn_recvbufempty
 .text.at_conn_send
                0x000015a0       0x74 linkkit/atm/at_conn_mgmt.o
                0x000015a0                at_conn_send
 .text.at_conn_recv
                0x00001614      0x110 linkkit/atm/at_conn_mgmt.o
                0x00001614                at_conn_recv
 .text.at_parser_init
                0x00001724      0x124 linkkit/atm/at_parser.o
                0x00001724                at_parser_init
 .text.at_send_no_reply
                0x00001848       0xbc linkkit/atm/at_parser.o
                0x00001848                at_send_no_reply
 .text.at_read  0x00001904       0x94 linkkit/atm/at_parser.o
                0x00001904                at_read
 .text.at_register_callback
                0x00001998       0xdc linkkit/atm/at_parser.o
                0x00001998                at_register_callback
 .text.at_yield
                0x00001a74      0x378 linkkit/atm/at_parser.o
                0x00001a74                at_yield
 .text.at_send_wait_reply
                0x00001dec       0x60 linkkit/atm/at_parser.o
                0x00001dec                at_send_wait_reply
 .text.AT_TCP_Establish
                0x00001e4c       0xb4 linkkit/atm/at_tcp.o
                0x00001e4c                AT_TCP_Establish
 .text.AT_TCP_Destroy
                0x00001f00       0x24 linkkit/atm/at_tcp.o
                0x00001f00                AT_TCP_Destroy
 .text.AT_TCP_Write
                0x00001f24       0x80 linkkit/atm/at_tcp.o
                0x00001f24                AT_TCP_Write
 .text.AT_TCP_Read
                0x00001fa4       0xf4 linkkit/atm/at_tcp.o
                0x00001fa4                AT_TCP_Read
 .text.sim800_gprs_got_ip
                0x00002098      0x134 linkkit/atm/sim800.o
 .text.sim800_gprs_module_socket_data_handle
                0x000021cc      0x240 linkkit/atm/sim800.o
 .text.sim800_gprs_domain_rsp_callback
                0x0000240c       0x48 linkkit/atm/sim800.o
 .text.sim800_gprs_ip_init
                0x00002454      0x1e4 linkkit/atm/sim800.o
 .text.fd_to_linkid
                0x00002638       0x48 linkkit/atm/sim800.o
 .text.sim800_uart_selfadaption
                0x00002680       0xcc linkkit/atm/sim800.o
                0x00002680                sim800_uart_selfadaption
 .text.HAL_AT_CONN_Init
                0x0000274c      0x4bc linkkit/atm/sim800.o
                0x0000274c                HAL_AT_CONN_Init
 .text.HAL_AT_CONN_DomainToIp
                0x00002c08      0x29c linkkit/atm/sim800.o
                0x00002c08                HAL_AT_CONN_DomainToIp
 .text.HAL_AT_CONN_Start
                0x00002ea4      0x288 linkkit/atm/sim800.o
                0x00002ea4                HAL_AT_CONN_Start
 .text.HAL_AT_CONN_Close
                0x0000312c      0x114 linkkit/atm/sim800.o
                0x0000312c                HAL_AT_CONN_Close
 .text.HAL_AT_CONN_Send
                0x00003240      0x12c linkkit/atm/sim800.o
                0x00003240                HAL_AT_CONN_Send
 .text.IOT_Sign_MQTT
                0x0000336c      0x320 linkkit/dev_sign/dev_sign_mqtt.o
                0x0000336c                IOT_Sign_MQTT
 .text.example_message_arrive
                0x0000368c       0x3c linkkit/example/mqtt_example_at.o
                0x0000368c                example_message_arrive
 .text.example_event_handle
                0x000036c8       0x14 linkkit/example/mqtt_example_at.o
                0x000036c8                example_event_handle
 .text.example_subscribe
                0x000036dc       0xc8 linkkit/example/mqtt_example_at.o
                0x000036dc                example_subscribe
 .text.example_publish
                0x000037a4       0xd8 linkkit/example/mqtt_example_at.o
                0x000037a4                example_publish
 .text.mqtt_example
                0x0000387c      0x158 linkkit/example/mqtt_example_at.o
                0x0000387c                mqtt_example
 .text.utils_net_read
                0x000039d4       0x1c linkkit/infra/infra_net.o
                0x000039d4                utils_net_read
 .text.utils_net_write
                0x000039f0       0x1c linkkit/infra/infra_net.o
                0x000039f0                utils_net_write
 .text.iotx_net_disconnect
                0x00003a0c       0x30 linkkit/infra/infra_net.o
                0x00003a0c                iotx_net_disconnect
 .text.iotx_net_connect
                0x00003a3c       0x30 linkkit/infra/infra_net.o
                0x00003a3c                iotx_net_connect
 .text.iotx_net_init
                0x00003a6c       0x58 linkkit/infra/infra_net.o
                0x00003a6c                iotx_net_init
 .text.iotx_report_id
                0x00003ac4       0x10 linkkit/infra/infra_report.o
                0x00003ac4                iotx_report_id
 .text.iotx_set_report_func
                0x00003ad4        0xc linkkit/infra/infra_report.o
                0x00003ad4                iotx_set_report_func
 .text.iotx_report_devinfo
                0x00003ae0      0x18c linkkit/infra/infra_report.o
                0x00003ae0                iotx_report_devinfo
 .text.iotx_report_firmware_version
                0x00003c6c      0x16c linkkit/infra/infra_report.o
                0x00003c6c                iotx_report_firmware_version
 .text.iotx_report_mid
                0x00003dd8        0x4 linkkit/infra/infra_report.o
                0x00003dd8                iotx_report_mid
 .text.utils_sha256_init
                0x00003ddc       0x10 linkkit/infra/infra_sha256.o
                0x00003ddc                utils_sha256_init
 .text.utils_sha256_starts
                0x00003dec       0x4c linkkit/infra/infra_sha256.o
                0x00003dec                utils_sha256_starts
 .text.utils_sha256_process
                0x00003e38      0xad0 linkkit/infra/infra_sha256.o
                0x00003e38                utils_sha256_process
 .text.utils_sha256_update
                0x00004908       0xc0 linkkit/infra/infra_sha256.o
                0x00004908                utils_sha256_update
 .text.utils_sha256_finish
                0x000049c8      0x100 linkkit/infra/infra_sha256.o
                0x000049c8                utils_sha256_finish
 .text.utils_hmac_sha256
                0x00004ac8       0xcc linkkit/infra/infra_sha256.o
                0x00004ac8                utils_hmac_sha256
 .text.infra_hex2str
                0x00004b94       0x2c linkkit/infra/infra_string.o
                0x00004b94                infra_hex2str
 .text.infra_strtok
                0x00004bc0       0xf0 linkkit/infra/infra_string.o
                0x00004bc0                infra_strtok
 .text.iotx_time_start
                0x00004cb0       0x14 linkkit/infra/infra_timer.o
                0x00004cb0                iotx_time_start
 .text.utils_time_spend
                0x00004cc4       0x18 linkkit/infra/infra_timer.o
                0x00004cc4                utils_time_spend
 .text.utils_time_is_expired
                0x00004cdc       0x24 linkkit/infra/infra_timer.o
                0x00004cdc                utils_time_is_expired
 .text.iotx_time_left
                0x00004d00       0x2c linkkit/infra/infra_timer.o
                0x00004d00                iotx_time_left
 .text.iotx_time_init
                0x00004d2c        0xa linkkit/infra/infra_timer.o
                0x00004d2c                iotx_time_init
 *fill*         0x00004d36        0x2 
 .text.utils_time_countdown_ms
                0x00004d38       0x18 linkkit/infra/infra_timer.o
                0x00004d38                utils_time_countdown_ms
 .text._handle_event
                0x00004d50       0x30 linkkit/mqtt/iotx_mqtt_client.o
 .text.iotx_mc_is_topic_matched
                0x00004d80       0xa0 linkkit/mqtt/iotx_mqtt_client.o
 .text.iotx_mc_set_client_state
                0x00004e20       0x20 linkkit/mqtt/iotx_mqtt_client.o
 .text.iotx_mc_get_client_state
                0x00004e40       0x20 linkkit/mqtt/iotx_mqtt_client.o
 .text.iotx_mc_get_next_packetid
                0x00004e60       0x38 linkkit/mqtt/iotx_mqtt_client.o
 .text.iotx_mc_send_packet
                0x00004e98       0x8c linkkit/mqtt/iotx_mqtt_client.o
 .text.iotx_mc_check_rule
                0x00004f24       0x98 linkkit/mqtt/iotx_mqtt_client.o
 .text.iotx_mc_check_topic
                0x00004fbc       0xec linkkit/mqtt/iotx_mqtt_client.o
 .text.iotx_mc_read_packet
                0x000050a8      0x2a0 linkkit/mqtt/iotx_mqtt_client.o
 .text.MQTTConnect
                0x00005348       0xac linkkit/mqtt/iotx_mqtt_client.o
                0x00005348                MQTTConnect
 .text.MQTTPublish
                0x000053f4      0x1f0 linkkit/mqtt/iotx_mqtt_client.o
                0x000053f4                MQTTPublish
 .text.wrapper_mqtt_init
                0x000055e4      0x350 linkkit/mqtt/iotx_mqtt_client.o
                0x000055e4                wrapper_mqtt_init
 .text.wrapper_mqtt_connect
                0x00005934      0x27c linkkit/mqtt/iotx_mqtt_client.o
                0x00005934                wrapper_mqtt_connect
 .text._mqtt_cycle
                0x00005bb0      0x7e8 linkkit/mqtt/iotx_mqtt_client.o
                0x00005bb0                _mqtt_cycle
 .text.wrapper_mqtt_check_state
                0x00006398       0x1c linkkit/mqtt/iotx_mqtt_client.o
                0x00006398                wrapper_mqtt_check_state
 .text.wrapper_mqtt_release
                0x000063b4      0x1b0 linkkit/mqtt/iotx_mqtt_client.o
                0x000063b4                wrapper_mqtt_release
 .text.wrapper_mqtt_yield
                0x00006564      0x2cc linkkit/mqtt/iotx_mqtt_client.o
                0x00006564                wrapper_mqtt_yield
 .text.wrapper_mqtt_subscribe
                0x00006830      0x344 linkkit/mqtt/iotx_mqtt_client.o
                0x00006830                wrapper_mqtt_subscribe
 .text.wrapper_mqtt_publish
                0x00006b74      0x100 linkkit/mqtt/iotx_mqtt_client.o
                0x00006b74                wrapper_mqtt_publish
 .text.MQTTSerialize_connectLength
                0x00006c74       0x88 linkkit/mqtt/MQTTConnectClient.o
                0x00006c74                MQTTSerialize_connectLength
 .text.MQTTSerialize_connect
                0x00006cfc      0x148 linkkit/mqtt/MQTTConnectClient.o
                0x00006cfc                MQTTSerialize_connect
 .text.MQTTDeserialize_connack
                0x00006e44       0x50 linkkit/mqtt/MQTTConnectClient.o
                0x00006e44                MQTTDeserialize_connack
 .text.MQTTSerialize_zero
                0x00006e94       0x3c linkkit/mqtt/MQTTConnectClient.o
                0x00006e94                MQTTSerialize_zero
 .text.MQTTSerialize_disconnect
                0x00006ed0       0x10 linkkit/mqtt/MQTTConnectClient.o
                0x00006ed0                MQTTSerialize_disconnect
 .text.MQTTSerialize_pingreq
                0x00006ee0       0x10 linkkit/mqtt/MQTTConnectClient.o
                0x00006ee0                MQTTSerialize_pingreq
 .text.MQTTDeserialize_publish
                0x00006ef0       0x98 linkkit/mqtt/MQTTDeserializePublish.o
                0x00006ef0                MQTTDeserialize_publish
 .text.MQTTDeserialize_ack
                0x00006f88       0x4c linkkit/mqtt/MQTTDeserializePublish.o
                0x00006f88                MQTTDeserialize_ack
 .text.bufchar  0x00006fd4       0x24 linkkit/mqtt/MQTTPacket.o
                0x00006fd4                bufchar
 .text.MQTTPacket_encode
                0x00006ff8       0x36 linkkit/mqtt/MQTTPacket.o
                0x00006ff8                MQTTPacket_encode
 .text.MQTTPacket_decode
                0x0000702e       0x52 linkkit/mqtt/MQTTPacket.o
                0x0000702e                MQTTPacket_decode
 .text.MQTTPacket_len
                0x00007080       0x28 linkkit/mqtt/MQTTPacket.o
                0x00007080                MQTTPacket_len
 .text.MQTTPacket_decodeBuf
                0x000070a8       0x1c linkkit/mqtt/MQTTPacket.o
                0x000070a8                MQTTPacket_decodeBuf
 .text.readInt  0x000070c4       0x12 linkkit/mqtt/MQTTPacket.o
                0x000070c4                readInt
 .text.readChar
                0x000070d6        0xc linkkit/mqtt/MQTTPacket.o
                0x000070d6                readChar
 .text.writeChar
                0x000070e2        0xc linkkit/mqtt/MQTTPacket.o
                0x000070e2                writeChar
 .text.writeInt
                0x000070ee       0x2a linkkit/mqtt/MQTTPacket.o
                0x000070ee                writeInt
 .text.writeCString
                0x00007118       0x38 linkkit/mqtt/MQTTPacket.o
                0x00007118                writeCString
 .text.writeMQTTString
                0x00007150       0x4c linkkit/mqtt/MQTTPacket.o
                0x00007150                writeMQTTString
 .text.readMQTTLenString
                0x0000719c       0x40 linkkit/mqtt/MQTTPacket.o
                0x0000719c                readMQTTLenString
 .text.MQTTstrlen
                0x000071dc       0x1c linkkit/mqtt/MQTTPacket.o
                0x000071dc                MQTTstrlen
 .text.MQTTPacket_equals
                0x000071f8       0x44 linkkit/mqtt/MQTTPacket.o
                0x000071f8                MQTTPacket_equals
 .text.MQTTSerialize_publishLength
                0x0000723c       0x28 linkkit/mqtt/MQTTSerializePublish.o
                0x0000723c                MQTTSerialize_publishLength
 .text.MQTTSerialize_publish
                0x00007264       0xc8 linkkit/mqtt/MQTTSerializePublish.o
                0x00007264                MQTTSerialize_publish
 .text.MQTTSerialize_ack
                0x0000732c       0x60 linkkit/mqtt/MQTTSerializePublish.o
                0x0000732c                MQTTSerialize_ack
 .text.MQTTSerialize_subscribeLength
                0x0000738c       0x38 linkkit/mqtt/MQTTSubscribeClient.o
                0x0000738c                MQTTSerialize_subscribeLength
 .text.MQTTSerialize_subscribe
                0x000073c4       0xb4 linkkit/mqtt/MQTTSubscribeClient.o
                0x000073c4                MQTTSerialize_subscribe
 .text.MQTTDeserialize_suback
                0x00007478       0xa0 linkkit/mqtt/MQTTSubscribeClient.o
                0x00007478                MQTTDeserialize_suback
 .text.MQTTDeserialize_unsuback
                0x00007518       0x30 linkkit/mqtt/MQTTUnsubscribeClient.o
                0x00007518                MQTTDeserialize_unsuback
 .text.iotx_mqtt_offline_subscribe
                0x00007548      0x11c linkkit/mqtt/mqtt_api.o
 .text.IOT_MQTT_Publish_Simple
                0x00007664       0x90 linkkit/mqtt/mqtt_api.o
                0x00007664                IOT_MQTT_Publish_Simple
 .text.IOT_MQTT_Construct
                0x000076f4      0x314 linkkit/mqtt/mqtt_api.o
                0x000076f4                IOT_MQTT_Construct
 .text.IOT_MQTT_Destroy
                0x00007a08       0x54 linkkit/mqtt/mqtt_api.o
                0x00007a08                IOT_MQTT_Destroy
 .text.IOT_MQTT_Yield
                0x00007a5c       0x1c linkkit/mqtt/mqtt_api.o
                0x00007a5c                IOT_MQTT_Yield
 .text.IOT_MQTT_Subscribe
                0x00007a78       0x8c linkkit/mqtt/mqtt_api.o
                0x00007a78                IOT_MQTT_Subscribe
 .text.IOT_MQTT_Publish
                0x00007b04       0x44 linkkit/mqtt/mqtt_api.o
                0x00007b04                IOT_MQTT_Publish
 .text.tx_cb_AT_COM
                0x00007b48        0x2 linkkit/wrappers/wrapper.o
 *fill*         0x00007b4a        0x2 
 .text.rx_cb_AT_COM
                0x00007b4c        0xc linkkit/wrappers/wrapper.o
 .text.err_cb_AT_COM
                0x00007b58        0x2 linkkit/wrappers/wrapper.o
 *fill*         0x00007b5a        0x2 
 .text.HAL_AT_Uart_Init
                0x00007b5c       0x40 linkkit/wrappers/wrapper.o
                0x00007b5c                HAL_AT_Uart_Init
 .text.HAL_AT_Uart_Recv
                0x00007b9c       0xa0 linkkit/wrappers/wrapper.o
                0x00007b9c                HAL_AT_Uart_Recv
 .text.HAL_AT_Uart_Send
                0x00007c3c       0x20 linkkit/wrappers/wrapper.o
                0x00007c3c                HAL_AT_Uart_Send
 .text.HAL_Free
                0x00007c5c        0xc linkkit/wrappers/wrapper.o
                0x00007c5c                HAL_Free
 .text.HAL_GetDeviceName
                0x00007c68       0x30 linkkit/wrappers/wrapper.o
                0x00007c68                HAL_GetDeviceName
 .text.HAL_GetDeviceSecret
                0x00007c98       0x28 linkkit/wrappers/wrapper.o
                0x00007c98                HAL_GetDeviceSecret
 .text.HAL_GetFirmwareVersion
                0x00007cc0       0x34 linkkit/wrappers/wrapper.o
                0x00007cc0                HAL_GetFirmwareVersion
 .text.HAL_GetProductKey
                0x00007cf4       0x28 linkkit/wrappers/wrapper.o
                0x00007cf4                HAL_GetProductKey
 .text.HAL_Malloc
                0x00007d1c        0xc linkkit/wrappers/wrapper.o
                0x00007d1c                HAL_Malloc
 .text.HAL_MutexCreate
                0x00007d28        0x4 linkkit/wrappers/wrapper.o
                0x00007d28                HAL_MutexCreate
 .text.HAL_MutexDestroy
                0x00007d2c        0x2 linkkit/wrappers/wrapper.o
                0x00007d2c                HAL_MutexDestroy
 .text.HAL_MutexLock
                0x00007d2e        0x2 linkkit/wrappers/wrapper.o
                0x00007d2e                HAL_MutexLock
 .text.HAL_MutexUnlock
                0x00007d30        0x2 linkkit/wrappers/wrapper.o
                0x00007d30                HAL_MutexUnlock
 *fill*         0x00007d32        0x2 
 .text.HAL_Printf
                0x00007d34       0x30 linkkit/wrappers/wrapper.o
                0x00007d34                HAL_Printf
 .text.HAL_SleepMs
                0x00007d64       0x10 linkkit/wrappers/wrapper.o
                0x00007d64                HAL_SleepMs
 .text.HAL_Snprintf
                0x00007d74       0x20 linkkit/wrappers/wrapper.o
                0x00007d74                HAL_Snprintf
 .text.HAL_UptimeMs
                0x00007d94       0x10 linkkit/wrappers/wrapper.o
                0x00007d94                HAL_UptimeMs
 .text._read    0x00007da4       0x28 stdio_redirect/gcc/read.o
                0x00007da4                _read
 .text._write   0x00007dcc       0x28 stdio_redirect/gcc/write.o
                0x00007dcc                _write
 .text.stdio_io_init
                0x00007df4       0x2c stdio_redirect/stdio_io.o
                0x00007df4                stdio_io_init
 .text.stdio_io_read
                0x00007e20       0x24 stdio_redirect/stdio_io.o
                0x00007e20                stdio_io_read
 .text.stdio_io_write
                0x00007e44       0x24 stdio_redirect/stdio_io.o
                0x00007e44                stdio_io_write
 .text.stdio_redirect_init
                0x00007e68       0x20 stdio_start.o
                0x00007e68                stdio_redirect_init
 .text.SysTick_Handler
                0x00007e88       0x10 time_tick_sam.o
                0x00007e88                SysTick_Handler
 .text.time_tick_init
                0x00007e98       0x54 time_tick_sam.o
                0x00007e98                time_tick_init
 .text.time_tick_get
                0x00007eec        0xc time_tick_sam.o
                0x00007eec                time_tick_get
 .text          0x00007ef8      0x114 c:/program files (x86)/atmel/studio/7.0/toolchain/arm/arm-gnu-toolchain/bin/../lib/gcc/arm-none-eabi/6.3.1/thumb/v6-m\libgcc.a(_udivsi3.o)
                0x00007ef8                __aeabi_uidiv
                0x00007ef8                __udivsi3
                0x00008004                __aeabi_uidivmod
 .text          0x0000800c      0x1d4 c:/program files (x86)/atmel/studio/7.0/toolchain/arm/arm-gnu-toolchain/bin/../lib/gcc/arm-none-eabi/6.3.1/thumb/v6-m\libgcc.a(_divsi3.o)
                0x0000800c                __divsi3
                0x0000800c                __aeabi_idiv
                0x000081d8                __aeabi_idivmod
 .text          0x000081e0        0x4 c:/program files (x86)/atmel/studio/7.0/toolchain/arm/arm-gnu-toolchain/bin/../lib/gcc/arm-none-eabi/6.3.1/thumb/v6-m\libgcc.a(_dvmd_tls.o)
                0x000081e0                __aeabi_idiv0
                0x000081e0                __aeabi_ldiv0
 .text.__sflush_r
                0x000081e4      0x114 c:/program files (x86)/atmel/studio/7.0/toolchain/arm/arm-gnu-toolchain/bin/../lib/gcc/arm-none-eabi/6.3.1/../../../../arm-none-eabi/lib/thumb/v6-m\libc_nano.a(lib_a-fflush.o)
                0x000081e4                __sflush_r
 .text._fflush_r
                0x000082f8       0x58 c:/program files (x86)/atmel/studio/7.0/toolchain/arm/arm-gnu-toolchain/bin/../lib/gcc/arm-none-eabi/6.3.1/../../../../arm-none-eabi/lib/thumb/v6-m\libc_nano.a(lib_a-fflush.o)
                0x000082f8                _fflush_r
 .text.fflush   0x00008350       0x28 c:/program files (x86)/atmel/studio/7.0/toolchain/arm/arm-gnu-toolchain/bin/../lib/gcc/arm-none-eabi/6.3.1/../../../../arm-none-eabi/lib/thumb/v6-m\libc_nano.a(lib_a-fflush.o)
                0x00008350                fflush
 .text._cleanup_r
                0x00008378       0x10 c:/program files (x86)/atmel/studio/7.0/toolchain/arm/arm-gnu-toolchain/bin/../lib/gcc/arm-none-eabi/6.3.1/../../../../arm-none-eabi/lib/thumb/v6-m\libc_nano.a(lib_a-findfp.o)
                0x00008378                _cleanup_r
 .text.std.isra.0
                0x00008388       0x48 c:/program files (x86)/atmel/studio/7.0/toolchain/arm/arm-gnu-toolchain/bin/../lib/gcc/arm-none-eabi/6.3.1/../../../../arm-none-eabi/lib/thumb/v6-m\libc_nano.a(lib_a-findfp.o)
 .text.__sfmoreglue
                0x000083d0       0x2c c:/program files (x86)/atmel/studio/7.0/toolchain/arm/arm-gnu-toolchain/bin/../lib/gcc/arm-none-eabi/6.3.1/../../../../arm-none-eabi/lib/thumb/v6-m\libc_nano.a(lib_a-findfp.o)
                0x000083d0                __sfmoreglue
 .text.__sinit  0x000083fc       0x68 c:/program files (x86)/atmel/studio/7.0/toolchain/arm/arm-gnu-toolchain/bin/../lib/gcc/arm-none-eabi/6.3.1/../../../../arm-none-eabi/lib/thumb/v6-m\libc_nano.a(lib_a-findfp.o)
                0x000083fc                __sinit
 .text.__sfp    0x00008464       0x80 c:/program files (x86)/atmel/studio/7.0/toolchain/arm/arm-gnu-toolchain/bin/../lib/gcc/arm-none-eabi/6.3.1/../../../../arm-none-eabi/lib/thumb/v6-m\libc_nano.a(lib_a-findfp.o)
                0x00008464                __sfp
 .text._fwalk_reent
                0x000084e4       0x42 c:/program files (x86)/atmel/studio/7.0/toolchain/arm/arm-gnu-toolchain/bin/../lib/gcc/arm-none-eabi/6.3.1/../../../../arm-none-eabi/lib/thumb/v6-m\libc_nano.a(lib_a-fwalk.o)
                0x000084e4                _fwalk_reent
 *fill*         0x00008526        0x2 
 .text.__libc_init_array
                0x00008528       0x48 c:/program files (x86)/atmel/studio/7.0/toolchain/arm/arm-gnu-toolchain/bin/../lib/gcc/arm-none-eabi/6.3.1/../../../../arm-none-eabi/lib/thumb/v6-m\libc_nano.a(lib_a-init.o)
                0x00008528                __libc_init_array
 .text.malloc   0x00008570       0x14 c:/program files (x86)/atmel/studio/7.0/toolchain/arm/arm-gnu-toolchain/bin/../lib/gcc/arm-none-eabi/6.3.1/../../../../arm-none-eabi/lib/thumb/v6-m\libc_nano.a(lib_a-malloc.o)
                0x00008570                malloc
 .text.free     0x00008584       0x14 c:/program files (x86)/atmel/studio/7.0/toolchain/arm/arm-gnu-toolchain/bin/../lib/gcc/arm-none-eabi/6.3.1/../../../../arm-none-eabi/lib/thumb/v6-m\libc_nano.a(lib_a-malloc.o)
                0x00008584                free
 .text.memcmp   0x00008598       0x1e c:/program files (x86)/atmel/studio/7.0/toolchain/arm/arm-gnu-toolchain/bin/../lib/gcc/arm-none-eabi/6.3.1/../../../../arm-none-eabi/lib/thumb/v6-m\libc_nano.a(lib_a-memcmp.o)
                0x00008598                memcmp
 .text.memcpy   0x000085b6       0x12 c:/program files (x86)/atmel/studio/7.0/toolchain/arm/arm-gnu-toolchain/bin/../lib/gcc/arm-none-eabi/6.3.1/../../../../arm-none-eabi/lib/thumb/v6-m\libc_nano.a(lib_a-memcpy-stub.o)
                0x000085b6                memcpy
 .text.memset   0x000085c8       0x10 c:/program files (x86)/atmel/studio/7.0/toolchain/arm/arm-gnu-toolchain/bin/../lib/gcc/arm-none-eabi/6.3.1/../../../../arm-none-eabi/lib/thumb/v6-m\libc_nano.a(lib_a-memset.o)
                0x000085c8                memset
 .text._free_r  0x000085d8       0x94 c:/program files (x86)/atmel/studio/7.0/toolchain/arm/arm-gnu-toolchain/bin/../lib/gcc/arm-none-eabi/6.3.1/../../../../arm-none-eabi/lib/thumb/v6-m\libc_nano.a(lib_a-nano-freer.o)
                0x000085d8                _free_r
 .text._malloc_r
                0x0000866c       0xbc c:/program files (x86)/atmel/studio/7.0/toolchain/arm/arm-gnu-toolchain/bin/../lib/gcc/arm-none-eabi/6.3.1/../../../../arm-none-eabi/lib/thumb/v6-m\libc_nano.a(lib_a-nano-mallocr.o)
                0x0000866c                _malloc_r
 .text._sbrk_r  0x00008728       0x24 c:/program files (x86)/atmel/studio/7.0/toolchain/arm/arm-gnu-toolchain/bin/../lib/gcc/arm-none-eabi/6.3.1/../../../../arm-none-eabi/lib/thumb/v6-m\libc_nano.a(lib_a-sbrkr.o)
                0x00008728                _sbrk_r
 .text.setbuf   0x0000874c       0x12 c:/program files (x86)/atmel/studio/7.0/toolchain/arm/arm-gnu-toolchain/bin/../lib/gcc/arm-none-eabi/6.3.1/../../../../arm-none-eabi/lib/thumb/v6-m\libc_nano.a(lib_a-setbuf.o)
                0x0000874c                setbuf
 *fill*         0x0000875e        0x2 
 .text.setvbuf  0x00008760      0x158 c:/program files (x86)/atmel/studio/7.0/toolchain/arm/arm-gnu-toolchain/bin/../lib/gcc/arm-none-eabi/6.3.1/../../../../arm-none-eabi/lib/thumb/v6-m\libc_nano.a(lib_a-setvbuf.o)
                0x00008760                setvbuf
 .text.__sread  0x000088b8       0x28 c:/program files (x86)/atmel/studio/7.0/toolchain/arm/arm-gnu-toolchain/bin/../lib/gcc/arm-none-eabi/6.3.1/../../../../arm-none-eabi/lib/thumb/v6-m\libc_nano.a(lib_a-stdio.o)
                0x000088b8                __sread
 .text.__swrite
                0x000088e0       0x38 c:/program files (x86)/atmel/studio/7.0/toolchain/arm/arm-gnu-toolchain/bin/../lib/gcc/arm-none-eabi/6.3.1/../../../../arm-none-eabi/lib/thumb/v6-m\libc_nano.a(lib_a-stdio.o)
                0x000088e0                __swrite
 .text.__sseek  0x00008918       0x2c c:/program files (x86)/atmel/studio/7.0/toolchain/arm/arm-gnu-toolchain/bin/../lib/gcc/arm-none-eabi/6.3.1/../../../../arm-none-eabi/lib/thumb/v6-m\libc_nano.a(lib_a-stdio.o)
                0x00008918                __sseek
 .text.__sclose
                0x00008944        0xc c:/program files (x86)/atmel/studio/7.0/toolchain/arm/arm-gnu-toolchain/bin/../lib/gcc/arm-none-eabi/6.3.1/../../../../arm-none-eabi/lib/thumb/v6-m\libc_nano.a(lib_a-stdio.o)
                0x00008944                __sclose
 .text.strchr   0x00008950       0x1c c:/program files (x86)/atmel/studio/7.0/toolchain/arm/arm-gnu-toolchain/bin/../lib/gcc/arm-none-eabi/6.3.1/../../../../arm-none-eabi/lib/thumb/v6-m\libc_nano.a(lib_a-strchr.o)
                0x00008950                strchr
 .text          0x0000896c       0x14 c:/program files (x86)/atmel/studio/7.0/toolchain/arm/arm-gnu-toolchain/bin/../lib/gcc/arm-none-eabi/6.3.1/../../../../arm-none-eabi/lib/thumb/v6-m\libc_nano.a(lib_a-strcmp.o)
                0x0000896c                strcmp
 .text.strcpy   0x00008980       0x10 c:/program files (x86)/atmel/studio/7.0/toolchain/arm/arm-gnu-toolchain/bin/../lib/gcc/arm-none-eabi/6.3.1/../../../../arm-none-eabi/lib/thumb/v6-m\libc_nano.a(lib_a-strcpy.o)
                0x00008980                strcpy
 .text          0x00008990        0xe c:/program files (x86)/atmel/studio/7.0/toolchain/arm/arm-gnu-toolchain/bin/../lib/gcc/arm-none-eabi/6.3.1/../../../../arm-none-eabi/lib/thumb/v6-m\libc_nano.a(lib_a-strlen.o)
                0x00008990                strlen
 .text.strncmp  0x0000899e       0x22 c:/program files (x86)/atmel/studio/7.0/toolchain/arm/arm-gnu-toolchain/bin/../lib/gcc/arm-none-eabi/6.3.1/../../../../arm-none-eabi/lib/thumb/v6-m\libc_nano.a(lib_a-strncmp.o)
                0x0000899e                strncmp
 .text.strncpy  0x000089c0       0x2a c:/program files (x86)/atmel/studio/7.0/toolchain/arm/arm-gnu-toolchain/bin/../lib/gcc/arm-none-eabi/6.3.1/../../../../arm-none-eabi/lib/thumb/v6-m\libc_nano.a(lib_a-strncpy.o)
                0x000089c0                strncpy
 .text.strstr   0x000089ea       0x30 c:/program files (x86)/atmel/studio/7.0/toolchain/arm/arm-gnu-toolchain/bin/../lib/gcc/arm-none-eabi/6.3.1/../../../../arm-none-eabi/lib/thumb/v6-m\libc_nano.a(lib_a-strstr.o)
                0x000089ea                strstr
 *fill*         0x00008a1a        0x2 
 .text.vprintf  0x00008a1c       0x2c c:/program files (x86)/atmel/studio/7.0/toolchain/arm/arm-gnu-toolchain/bin/../lib/gcc/arm-none-eabi/6.3.1/../../../../arm-none-eabi/lib/thumb/v6-m\libc_nano.a(lib_a-vprintf.o)
                0x00008a1c                viprintf
                0x00008a1c                vprintf
 .text._vsnprintf_r
                0x00008a48       0x56 c:/program files (x86)/atmel/studio/7.0/toolchain/arm/arm-gnu-toolchain/bin/../lib/gcc/arm-none-eabi/6.3.1/../../../../arm-none-eabi/lib/thumb/v6-m\libc_nano.a(lib_a-vsnprintf.o)
                0x00008a48                _vsniprintf_r
                0x00008a48                _vsnprintf_r
 *fill*         0x00008a9e        0x2 
 .text.vsnprintf
                0x00008aa0       0x18 c:/program files (x86)/atmel/studio/7.0/toolchain/arm/arm-gnu-toolchain/bin/../lib/gcc/arm-none-eabi/6.3.1/../../../../arm-none-eabi/lib/thumb/v6-m\libc_nano.a(lib_a-vsnprintf.o)
                0x00008aa0                vsniprintf
                0x00008aa0                vsnprintf
 .text.__swbuf_r
                0x00008ab8       0xac c:/program files (x86)/atmel/studio/7.0/toolchain/arm/arm-gnu-toolchain/bin/../lib/gcc/arm-none-eabi/6.3.1/../../../../arm-none-eabi/lib/thumb/v6-m\libc_nano.a(lib_a-wbuf.o)
                0x00008ab8                __swbuf_r
 .text._write_r
                0x00008b64       0x28 c:/program files (x86)/atmel/studio/7.0/toolchain/arm/arm-gnu-toolchain/bin/../lib/gcc/arm-none-eabi/6.3.1/../../../../arm-none-eabi/lib/thumb/v6-m\libc_nano.a(lib_a-writer.o)
                0x00008b64                _write_r
 .text.__swsetup_r
                0x00008b8c       0xec c:/program files (x86)/atmel/studio/7.0/toolchain/arm/arm-gnu-toolchain/bin/../lib/gcc/arm-none-eabi/6.3.1/../../../../arm-none-eabi/lib/thumb/v6-m\libc_nano.a(lib_a-wsetup.o)
                0x00008b8c                __swsetup_r
 .text._close_r
                0x00008c78       0x24 c:/program files (x86)/atmel/studio/7.0/toolchain/arm/arm-gnu-toolchain/bin/../lib/gcc/arm-none-eabi/6.3.1/../../../../arm-none-eabi/lib/thumb/v6-m\libc_nano.a(lib_a-closer.o)
                0x00008c78                _close_r
 .text._lseek_r
                0x00008c9c       0x28 c:/program files (x86)/atmel/studio/7.0/toolchain/arm/arm-gnu-toolchain/bin/../lib/gcc/arm-none-eabi/6.3.1/../../../../arm-none-eabi/lib/thumb/v6-m\libc_nano.a(lib_a-lseekr.o)
                0x00008c9c                _lseek_r
 .text.__swhatbuf_r
                0x00008cc4       0x50 c:/program files (x86)/atmel/studio/7.0/toolchain/arm/arm-gnu-toolchain/bin/../lib/gcc/arm-none-eabi/6.3.1/../../../../arm-none-eabi/lib/thumb/v6-m\libc_nano.a(lib_a-makebuf.o)
                0x00008cc4                __swhatbuf_r
 .text.__smakebuf_r
                0x00008d14       0x88 c:/program files (x86)/atmel/studio/7.0/toolchain/arm/arm-gnu-toolchain/bin/../lib/gcc/arm-none-eabi/6.3.1/../../../../arm-none-eabi/lib/thumb/v6-m\libc_nano.a(lib_a-makebuf.o)
                0x00008d14                __smakebuf_r
 .text.__malloc_lock
                0x00008d9c        0x2 c:/program files (x86)/atmel/studio/7.0/toolchain/arm/arm-gnu-toolchain/bin/../lib/gcc/arm-none-eabi/6.3.1/../../../../arm-none-eabi/lib/thumb/v6-m\libc_nano.a(lib_a-mlock.o)
                0x00008d9c                __malloc_lock
 .text.__malloc_unlock
                0x00008d9e        0x2 c:/program files (x86)/atmel/studio/7.0/toolchain/arm/arm-gnu-toolchain/bin/../lib/gcc/arm-none-eabi/6.3.1/../../../../arm-none-eabi/lib/thumb/v6-m\libc_nano.a(lib_a-mlock.o)
                0x00008d9e                __malloc_unlock
 .text.__ssputs_r
                0x00008da0       0xc4 c:/program files (x86)/atmel/studio/7.0/toolchain/arm/arm-gnu-toolchain/bin/../lib/gcc/arm-none-eabi/6.3.1/../../../../arm-none-eabi/lib/thumb/v6-m\libc_nano.a(lib_a-nano-svfprintf.o)
                0x00008da0                __ssputs_r
 .text._svfprintf_r
                0x00008e64      0x208 c:/program files (x86)/atmel/studio/7.0/toolchain/arm/arm-gnu-toolchain/bin/../lib/gcc/arm-none-eabi/6.3.1/../../../../arm-none-eabi/lib/thumb/v6-m\libc_nano.a(lib_a-nano-svfprintf.o)
                0x00008e64                _svfiprintf_r
                0x00008e64                _svfprintf_r
 .text.__sfputc_r
                0x0000906c       0x2a c:/program files (x86)/atmel/studio/7.0/toolchain/arm/arm-gnu-toolchain/bin/../lib/gcc/arm-none-eabi/6.3.1/../../../../arm-none-eabi/lib/thumb/v6-m\libc_nano.a(lib_a-nano-vfprintf.o)
 .text.__sfputs_r
                0x00009096       0x24 c:/program files (x86)/atmel/studio/7.0/toolchain/arm/arm-gnu-toolchain/bin/../lib/gcc/arm-none-eabi/6.3.1/../../../../arm-none-eabi/lib/thumb/v6-m\libc_nano.a(lib_a-nano-vfprintf.o)
                0x00009096                __sfputs_r
 *fill*         0x000090ba        0x2 
 .text._vfprintf_r
                0x000090bc      0x238 c:/program files (x86)/atmel/studio/7.0/toolchain/arm/arm-gnu-toolchain/bin/../lib/gcc/arm-none-eabi/6.3.1/../../../../arm-none-eabi/lib/thumb/v6-m\libc_nano.a(lib_a-nano-vfprintf.o)
                0x000090bc                _vfprintf_r
                0x000090bc                _vfiprintf_r
 .text._printf_common
                0x000092f4       0xda c:/program files (x86)/atmel/studio/7.0/toolchain/arm/arm-gnu-toolchain/bin/../lib/gcc/arm-none-eabi/6.3.1/../../../../arm-none-eabi/lib/thumb/v6-m\libc_nano.a(lib_a-nano-vfprintf_i.o)
                0x000092f4                _printf_common
 *fill*         0x000093ce        0x2 
 .text._printf_i
                0x000093d0      0x234 c:/program files (x86)/atmel/studio/7.0/toolchain/arm/arm-gnu-toolchain/bin/../lib/gcc/arm-none-eabi/6.3.1/../../../../arm-none-eabi/lib/thumb/v6-m\libc_nano.a(lib_a-nano-vfprintf_i.o)
                0x000093d0                _printf_i
 .text._read_r  0x00009604       0x28 c:/program files (x86)/atmel/studio/7.0/toolchain/arm/arm-gnu-toolchain/bin/../lib/gcc/arm-none-eabi/6.3.1/../../../../arm-none-eabi/lib/thumb/v6-m\libc_nano.a(lib_a-readr.o)
                0x00009604                _read_r
 .text._fstat_r
                0x0000962c       0x24 c:/program files (x86)/atmel/studio/7.0/toolchain/arm/arm-gnu-toolchain/bin/../lib/gcc/arm-none-eabi/6.3.1/../../../../arm-none-eabi/lib/thumb/v6-m\libc_nano.a(lib_a-fstatr.o)
                0x0000962c                _fstat_r
 .text._isatty_r
                0x00009650       0x24 c:/program files (x86)/atmel/studio/7.0/toolchain/arm/arm-gnu-toolchain/bin/../lib/gcc/arm-none-eabi/6.3.1/../../../../arm-none-eabi/lib/thumb/v6-m\libc_nano.a(lib_a-isattyr.o)
                0x00009650                _isatty_r
 .text.memchr   0x00009674       0x16 c:/program files (x86)/atmel/studio/7.0/toolchain/arm/arm-gnu-toolchain/bin/../lib/gcc/arm-none-eabi/6.3.1/../../../../arm-none-eabi/lib/thumb/v6-m\libc_nano.a(lib_a-memchr-stub.o)
                0x00009674                memchr
 .text.memmove  0x0000968a       0x24 c:/program files (x86)/atmel/studio/7.0/toolchain/arm/arm-gnu-toolchain/bin/../lib/gcc/arm-none-eabi/6.3.1/../../../../arm-none-eabi/lib/thumb/v6-m\libc_nano.a(lib_a-memmove.o)
                0x0000968a                memmove
 .text._realloc_r
                0x000096ae       0x4c c:/program files (x86)/atmel/studio/7.0/toolchain/arm/arm-gnu-toolchain/bin/../lib/gcc/arm-none-eabi/6.3.1/../../../../arm-none-eabi/lib/thumb/v6-m\libc_nano.a(lib_a-nano-reallocr.o)
                0x000096ae                _realloc_r
 .text._malloc_usable_size_r
                0x000096fa       0x10 c:/program files (x86)/atmel/studio/7.0/toolchain/arm/arm-gnu-toolchain/bin/../lib/gcc/arm-none-eabi/6.3.1/../../../../arm-none-eabi/lib/thumb/v6-m\libc_nano.a(lib_a-nano-msizer.o)
                0x000096fa                _malloc_usable_size_r
 *(.glue_7t)
 .glue_7t       0x0000970a        0x0 linker stubs
 *(.glue_7)
 .glue_7        0x0000970a        0x0 linker stubs
 *(.rodata .rodata* .gnu.linkonce.r.*)
 *fill*         0x0000970a        0x2 
 .rodata.str1.4
                0x0000970c       0x14 hal/src/hal_io.o
 .rodata.str1.4
                0x00009720       0x1d hal/src/hal_usart_async.o
 *fill*         0x0000973d        0x3 
 .rodata.str1.4
                0x00009740       0x1c hal/src/hal_usart_sync.o
 .rodata.str1.4
                0x0000975c       0x24 hal/utils/src/utils_ringbuffer.o
 .rodata        0x00009780       0x40 hpl/sercom/hpl_sercom.o
 .rodata.str1.4
                0x000097c0       0x1b hpl/sercom/hpl_sercom.o
 *fill*         0x000097db        0x1 
 .rodata.str1.4
                0x000097dc       0x31 linkkit/atm/at_conn_mbox.o
 *fill*         0x0000980d        0x3 
 .rodata.str1.4
                0x00009810        0x8 linkkit/atm/at_conn_mgmt.o
 .rodata.str1.4
                0x00009818       0x11 linkkit/atm/at_parser.o
                                 0x1d (size before relaxing)
 *fill*         0x00009829        0x3 
 .rodata.str1.4
                0x0000982c      0x13f linkkit/atm/at_tcp.o
 *fill*         0x0000996b        0x1 
 .rodata        0x0000996c      0x145 linkkit/atm/sim800.o
 *fill*         0x00009ab1        0x3 
 .rodata.str1.4
                0x00009ab4      0x5d9 linkkit/atm/sim800.o
                                0x5e5 (size before relaxing)
 *fill*         0x0000a08d        0x3 
 .rodata.str1.4
                0x0000a090       0x80 linkkit/dev_sign/dev_sign_mqtt.o
                                 0x84 (size before relaxing)
 .rodata        0x0000a110        0xd linkkit/example/mqtt_example_at.o
 *fill*         0x0000a11d        0x3 
 .rodata.str1.4
                0x0000a120       0xe6 linkkit/example/mqtt_example_at.o
                                 0xf3 (size before relaxing)
 *fill*         0x0000a206        0x2 
 .rodata.str1.4
                0x0000a208      0x17a linkkit/infra/infra_defs.o
 *fill*         0x0000a382        0x2 
 .rodata.str1.4
                0x0000a384      0x357 linkkit/infra/infra_report.o
                                0x36f (size before relaxing)
 *fill*         0x0000a6db        0x1 
 .rodata        0x0000a6dc      0x140 linkkit/infra/infra_sha256.o
 .rodata.str1.4
                0x0000a81c       0x11 linkkit/infra/infra_string.o
 *fill*         0x0000a82d        0x3 
 .rodata        0x0000a830       0xa8 linkkit/mqtt/iotx_mqtt_client.o
 .rodata.str1.4
                0x0000a8d8      0xc36 linkkit/mqtt/iotx_mqtt_client.o
                                0xc3e (size before relaxing)
 *fill*         0x0000b50e        0x2 
 .rodata.str1.4
                0x0000b510        0xf linkkit/mqtt/MQTTConnectClient.o
 *fill*         0x0000b51f        0x1 
 .rodata.str1.4
                0x0000b520       0xc8 linkkit/mqtt/mqtt_api.o
                                 0xf6 (size before relaxing)
 .rodata.str1.4
                0x0000b5e8       0x54 linkkit/wrappers/wrapper.o
 .rodata.__sf_fake_stderr
                0x0000b63c       0x20 c:/program files (x86)/atmel/studio/7.0/toolchain/arm/arm-gnu-toolchain/bin/../lib/gcc/arm-none-eabi/6.3.1/../../../../arm-none-eabi/lib/thumb/v6-m\libc_nano.a(lib_a-findfp.o)
                0x0000b63c                __sf_fake_stderr
 .rodata.__sf_fake_stdin
                0x0000b65c       0x20 c:/program files (x86)/atmel/studio/7.0/toolchain/arm/arm-gnu-toolchain/bin/../lib/gcc/arm-none-eabi/6.3.1/../../../../arm-none-eabi/lib/thumb/v6-m\libc_nano.a(lib_a-findfp.o)
                0x0000b65c                __sf_fake_stdin
 .rodata.__sf_fake_stdout
                0x0000b67c       0x20 c:/program files (x86)/atmel/studio/7.0/toolchain/arm/arm-gnu-toolchain/bin/../lib/gcc/arm-none-eabi/6.3.1/../../../../arm-none-eabi/lib/thumb/v6-m\libc_nano.a(lib_a-findfp.o)
                0x0000b67c                __sf_fake_stdout
 .rodata._global_impure_ptr
                0x0000b69c        0x4 c:/program files (x86)/atmel/studio/7.0/toolchain/arm/arm-gnu-toolchain/bin/../lib/gcc/arm-none-eabi/6.3.1/../../../../arm-none-eabi/lib/thumb/v6-m\libc_nano.a(lib_a-impure.o)
                0x0000b69c                _global_impure_ptr
 .rodata._svfprintf_r.str1.1
                0x0000b6a0       0x11 c:/program files (x86)/atmel/studio/7.0/toolchain/arm/arm-gnu-toolchain/bin/../lib/gcc/arm-none-eabi/6.3.1/../../../../arm-none-eabi/lib/thumb/v6-m\libc_nano.a(lib_a-nano-svfprintf.o)
 .rodata._vfprintf_r.str1.1
                0x0000b6b1       0x11 c:/program files (x86)/atmel/studio/7.0/toolchain/arm/arm-gnu-toolchain/bin/../lib/gcc/arm-none-eabi/6.3.1/../../../../arm-none-eabi/lib/thumb/v6-m\libc_nano.a(lib_a-nano-vfprintf.o)
 .rodata._printf_i.str1.1
                0x0000b6b1       0x22 c:/program files (x86)/atmel/studio/7.0/toolchain/arm/arm-gnu-toolchain/bin/../lib/gcc/arm-none-eabi/6.3.1/../../../../arm-none-eabi/lib/thumb/v6-m\libc_nano.a(lib_a-nano-vfprintf_i.o)
 *(.ARM.extab* .gnu.linkonce.armextab.*)
                0x0000b6d4                . = ALIGN (0x4)
 *fill*         0x0000b6d3        0x1 
 *(.init)
 .init          0x0000b6d4        0x4 c:/program files (x86)/atmel/studio/7.0/toolchain/arm/arm-gnu-toolchain/bin/../lib/gcc/arm-none-eabi/6.3.1/thumb/v6-m/crti.o
                0x0000b6d4                _init
 .init          0x0000b6d8        0x8 c:/program files (x86)/atmel/studio/7.0/toolchain/arm/arm-gnu-toolchain/bin/../lib/gcc/arm-none-eabi/6.3.1/thumb/v6-m/crtn.o
                0x0000b6e0                . = ALIGN (0x4)
                0x0000b6e0                __preinit_array_start = .
 *(.preinit_array)
                0x0000b6e0                __preinit_array_end = .
                0x0000b6e0                . = ALIGN (0x4)
                0x0000b6e0                __init_array_start = .
 *(SORT(.init_array.*))
 *(.init_array)
 .init_array    0x0000b6e0        0x4 c:/program files (x86)/atmel/studio/7.0/toolchain/arm/arm-gnu-toolchain/bin/../lib/gcc/arm-none-eabi/6.3.1/thumb/v6-m/crtbegin.o
                0x0000b6e4                __init_array_end = .
                0x0000b6e4                . = ALIGN (0x4)
 *crtbegin.o(.ctors)
 *(EXCLUDE_FILE(*crtend.o) .ctors)
 *(SORT(.ctors.*))
 *crtend.o(.ctors)
                0x0000b6e4                . = ALIGN (0x4)
 *(.fini)
 .fini          0x0000b6e4        0x4 c:/program files (x86)/atmel/studio/7.0/toolchain/arm/arm-gnu-toolchain/bin/../lib/gcc/arm-none-eabi/6.3.1/thumb/v6-m/crti.o
                0x0000b6e4                _fini
 .fini          0x0000b6e8        0x8 c:/program files (x86)/atmel/studio/7.0/toolchain/arm/arm-gnu-toolchain/bin/../lib/gcc/arm-none-eabi/6.3.1/thumb/v6-m/crtn.o
                0x0000b6f0                . = ALIGN (0x4)
                0x0000b6f0                __fini_array_start = .
 *(.fini_array)
 .fini_array    0x0000b6f0        0x4 c:/program files (x86)/atmel/studio/7.0/toolchain/arm/arm-gnu-toolchain/bin/../lib/gcc/arm-none-eabi/6.3.1/thumb/v6-m/crtbegin.o
 *(SORT(.fini_array.*))
                0x0000b6f4                __fini_array_end = .
 *crtbegin.o(.dtors)
 *(EXCLUDE_FILE(*crtend.o) .dtors)
 *(SORT(.dtors.*))
 *crtend.o(.dtors)
                0x0000b6f4                . = ALIGN (0x4)
                0x0000b6f4                _efixed = .
                [!provide]                PROVIDE (__exidx_start, .)

.vfp11_veneer   0x0000b6f4        0x0
 .vfp11_veneer  0x0000b6f4        0x0 linker stubs

.v4_bx          0x0000b6f4        0x0
 .v4_bx         0x0000b6f4        0x0 linker stubs

.iplt           0x0000b6f4        0x0
 .iplt          0x0000b6f4        0x0 c:/program files (x86)/atmel/studio/7.0/toolchain/arm/arm-gnu-toolchain/bin/../lib/gcc/arm-none-eabi/6.3.1/thumb/v6-m/crtbegin.o

.eh_frame       0x0000b6f4        0x0
 .eh_frame      0x0000b6f4        0x0 c:/program files (x86)/atmel/studio/7.0/toolchain/arm/arm-gnu-toolchain/bin/../lib/gcc/arm-none-eabi/6.3.1/thumb/v6-m/crtbegin.o

.rel.dyn        0x0000b6f4        0x0
 .rel.iplt      0x0000b6f4        0x0 c:/program files (x86)/atmel/studio/7.0/toolchain/arm/arm-gnu-toolchain/bin/../lib/gcc/arm-none-eabi/6.3.1/thumb/v6-m/crtbegin.o

.jcr            0x0000b6f4        0x0
 .jcr           0x0000b6f4        0x0 c:/program files (x86)/atmel/studio/7.0/toolchain/arm/arm-gnu-toolchain/bin/../lib/gcc/arm-none-eabi/6.3.1/thumb/v6-m/crtbegin.o

.igot.plt       0x0000b6f4        0x0
 .igot.plt      0x0000b6f4        0x0 c:/program files (x86)/atmel/studio/7.0/toolchain/arm/arm-gnu-toolchain/bin/../lib/gcc/arm-none-eabi/6.3.1/thumb/v6-m/crtbegin.o

.ARM.exidx
 *(.ARM.exidx* .gnu.linkonce.armexidx.*)
                [!provide]                PROVIDE (__exidx_end, .)
                0x0000b6f4                . = ALIGN (0x4)
                0x0000b6f4                _etext = .

.relocate       0x20000000       0xcc load address 0x0000b6f4
                0x20000000                . = ALIGN (0x4)
                0x20000000                _srelocate = .
 *(.ramfunc .ramfunc.*)
 *(.data .data.*)
 .data          0x20000000        0x4 Device_Startup/system_saml21.o
                0x20000000                SystemCoreClock
 .data          0x20000004       0x30 linkkit/dev_sign/dev_sign_mqtt.o
                0x20000004                clientid_kv
 .data          0x20000034       0x28 linkkit/infra/infra_defs.o
                0x20000034                g_infra_http_domain
                0x20000048                g_infra_mqtt_domain
 .data          0x2000005c        0x4 linkkit/infra/infra_report.o
                0x2000005c                DEVICE_INFO_UPDATE_FMT
 .data          0x20000060        0x8 linkkit/mqtt/iotx_mqtt_client.o
 .data._impure_ptr
                0x20000068        0x4 c:/program files (x86)/atmel/studio/7.0/toolchain/arm/arm-gnu-toolchain/bin/../lib/gcc/arm-none-eabi/6.3.1/../../../../arm-none-eabi/lib/thumb/v6-m\libc_nano.a(lib_a-impure.o)
                0x20000068                _impure_ptr
 .data.impure_data
                0x2000006c       0x60 c:/program files (x86)/atmel/studio/7.0/toolchain/arm/arm-gnu-toolchain/bin/../lib/gcc/arm-none-eabi/6.3.1/../../../../arm-none-eabi/lib/thumb/v6-m\libc_nano.a(lib_a-impure.o)
                0x200000cc                . = ALIGN (0x4)
                0x200000cc                _erelocate = .

.lpram          0x30000000        0x0
                0x30000000                . = ALIGN (0x8)
                0x30000000                _slpram = .
 *(.lpram .lpram.*)
                0x30000000                . = ALIGN (0x8)
                0x30000000                _elpram = .

.bss            0x200000cc      0xb48 load address 0x0000b7c0
                0x200000cc                . = ALIGN (0x4)
                0x200000cc                _sbss = .
                0x200000cc                _szero = .
 *(.bss .bss.*)
 .bss           0x200000cc       0x1c c:/program files (x86)/atmel/studio/7.0/toolchain/arm/arm-gnu-toolchain/bin/../lib/gcc/arm-none-eabi/6.3.1/thumb/v6-m/crtbegin.o
 .bss           0x200000e8      0x200 driver_init.o
 .bss           0x200002e8        0x4 hal/src/hal_delay.o
 .bss           0x200002ec        0x4 hal/utils/src/utils_syscalls.o
 .bss           0x200002f0        0x4 hpl/sercom/hpl_sercom.o
 .bss           0x200002f4       0x8c linkkit/atm/at_conn_mgmt.o
 .bss           0x20000380      0x2dc linkkit/atm/at_parser.o
 .bss           0x2000065c      0x398 linkkit/atm/sim800.o
 .bss           0x200009f4        0x8 linkkit/infra/infra_report.o
 .bss           0x200009fc        0x8 linkkit/infra/infra_string.o
 .bss           0x20000a04        0x4 linkkit/mqtt/iotx_mqtt_client.o
 .bss           0x20000a08        0x4 linkkit/mqtt/MQTTPacket.o
 .bss           0x20000a0c      0x194 linkkit/mqtt/mqtt_api.o
 .bss           0x20000ba0        0x4 linkkit/wrappers/wrapper.o
 .bss           0x20000ba4        0x4 stdio_redirect/stdio_io.o
 .bss           0x20000ba8        0x4 time_tick_sam.o
                0x20000ba8                g_ms_ticks
 .bss.__malloc_free_list
                0x20000bac        0x4 c:/program files (x86)/atmel/studio/7.0/toolchain/arm/arm-gnu-toolchain/bin/../lib/gcc/arm-none-eabi/6.3.1/../../../../arm-none-eabi/lib/thumb/v6-m\libc_nano.a(lib_a-nano-mallocr.o)
                0x20000bac                __malloc_free_list
 .bss.__malloc_sbrk_start
                0x20000bb0        0x4 c:/program files (x86)/atmel/studio/7.0/toolchain/arm/arm-gnu-toolchain/bin/../lib/gcc/arm-none-eabi/6.3.1/../../../../arm-none-eabi/lib/thumb/v6-m\libc_nano.a(lib_a-nano-mallocr.o)
                0x20000bb0                __malloc_sbrk_start
 *(COMMON)
 COMMON         0x20000bb4       0x5c driver_init.o
                0x20000bb4                TARGET_IO
                0x20000bc0                USART_0
 COMMON         0x20000c10        0x4 c:/program files (x86)/atmel/studio/7.0/toolchain/arm/arm-gnu-toolchain/bin/../lib/gcc/arm-none-eabi/6.3.1/../../../../arm-none-eabi/lib/thumb/v6-m\libc_nano.a(lib_a-reent.o)
                0x20000c10                errno
                0x20000c14                . = ALIGN (0x4)
                0x20000c14                _ebss = .
                0x20000c14                _ezero = .

.stack          0x20000c14     0x2004 load address 0x0000c308
                0x20000c18                . = ALIGN (0x8)
 *fill*         0x20000c14        0x4 
                0x20000c18                _sstack = .
                0x20002c18                . = (. + STACK_SIZE)
 *fill*         0x20000c18     0x2000 
                0x20002c18                . = ALIGN (0x8)
                0x20002c18                _estack = .
                0x20002c18                . = ALIGN (0x4)
                0x20002c18                _end = .
OUTPUT(atsaml21_sim800tcp_basic.elf elf32-littlearm)

.ARM.attributes
                0x00000000       0x28
 .ARM.attributes
                0x00000000       0x1e c:/program files (x86)/atmel/studio/7.0/toolchain/arm/arm-gnu-toolchain/bin/../lib/gcc/arm-none-eabi/6.3.1/thumb/v6-m/crti.o
 .ARM.attributes
                0x0000001e       0x2c c:/program files (x86)/atmel/studio/7.0/toolchain/arm/arm-gnu-toolchain/bin/../lib/gcc/arm-none-eabi/6.3.1/thumb/v6-m/crtbegin.o
 .ARM.attributes
                0x0000004a       0x32 atmel_start.o
 .ARM.attributes
                0x0000007c       0x32 Device_Startup/startup_saml21.o
 .ARM.attributes
                0x000000ae       0x32 Device_Startup/system_saml21.o
 .ARM.attributes
                0x000000e0       0x32 driver_init.o
 .ARM.attributes
                0x00000112       0x32 atsaml21_sim800tcp_basic.o
 .ARM.attributes
                0x00000144       0x32 hal/src/hal_atomic.o
 .ARM.attributes
                0x00000176       0x32 hal/src/hal_delay.o
 .ARM.attributes
                0x000001a8       0x32 hal/src/hal_io.o
 .ARM.attributes
                0x000001da       0x32 hal/src/hal_usart_async.o
 .ARM.attributes
                0x0000020c       0x32 hal/src/hal_usart_sync.o
 .ARM.attributes
                0x0000023e       0x32 hal/utils/src/utils_assert.o
 .ARM.attributes
                0x00000270       0x32 hal/utils/src/utils_ringbuffer.o
 .ARM.attributes
                0x000002a2       0x32 hal/utils/src/utils_syscalls.o
 .ARM.attributes
                0x000002d4       0x32 hpl/core/hpl_core_m0plus_base.o
 .ARM.attributes
                0x00000306       0x32 hpl/core/hpl_init.o
 .ARM.attributes
                0x00000338       0x32 hpl/gclk/hpl_gclk.o
 .ARM.attributes
                0x0000036a       0x32 hpl/mclk/hpl_mclk.o
 .ARM.attributes
                0x0000039c       0x32 hpl/osc32kctrl/hpl_osc32kctrl.o
 .ARM.attributes
                0x000003ce       0x32 hpl/oscctrl/hpl_oscctrl.o
 .ARM.attributes
                0x00000400       0x32 hpl/pm/hpl_pm.o
 .ARM.attributes
                0x00000432       0x32 hpl/sercom/hpl_sercom.o
 .ARM.attributes
                0x00000464       0x32 linkkit/atm/at_api.o
 .ARM.attributes
                0x00000496       0x32 linkkit/atm/at_conn_mbox.o
 .ARM.attributes
                0x000004c8       0x32 linkkit/atm/at_conn_mgmt.o
 .ARM.attributes
                0x000004fa       0x32 linkkit/atm/at_parser.o
 .ARM.attributes
                0x0000052c       0x32 linkkit/atm/at_tcp.o
 .ARM.attributes
                0x0000055e       0x32 linkkit/atm/sim800.o
 .ARM.attributes
                0x00000590       0x32 linkkit/dev_sign/dev_sign_mqtt.o
 .ARM.attributes
                0x000005c2       0x32 linkkit/example/mqtt_example_at.o
 .ARM.attributes
                0x000005f4       0x32 linkkit/infra/infra_defs.o
 .ARM.attributes
                0x00000626       0x32 linkkit/infra/infra_net.o
 .ARM.attributes
                0x00000658       0x32 linkkit/infra/infra_report.o
 .ARM.attributes
                0x0000068a       0x32 linkkit/infra/infra_sha256.o
 .ARM.attributes
                0x000006bc       0x32 linkkit/infra/infra_string.o
 .ARM.attributes
                0x000006ee       0x32 linkkit/infra/infra_timer.o
 .ARM.attributes
                0x00000720       0x32 linkkit/mqtt/iotx_mqtt_client.o
 .ARM.attributes
                0x00000752       0x32 linkkit/mqtt/MQTTConnectClient.o
 .ARM.attributes
                0x00000784       0x32 linkkit/mqtt/MQTTDeserializePublish.o
 .ARM.attributes
                0x000007b6       0x32 linkkit/mqtt/MQTTPacket.o
 .ARM.attributes
                0x000007e8       0x32 linkkit/mqtt/MQTTSerializePublish.o
 .ARM.attributes
                0x0000081a       0x32 linkkit/mqtt/MQTTSubscribeClient.o
 .ARM.attributes
                0x0000084c       0x32 linkkit/mqtt/MQTTUnsubscribeClient.o
 .ARM.attributes
                0x0000087e       0x32 linkkit/mqtt/mqtt_api.o
 .ARM.attributes
                0x000008b0       0x32 linkkit/wrappers/wrapper.o
 .ARM.attributes
                0x000008e2       0x32 stdio_redirect/gcc/read.o
 .ARM.attributes
                0x00000914       0x32 stdio_redirect/gcc/write.o
 .ARM.attributes
                0x00000946       0x32 stdio_redirect/stdio_io.o
 .ARM.attributes
                0x00000978       0x32 stdio_start.o
 .ARM.attributes
                0x000009aa       0x32 time_tick_sam.o
 .ARM.attributes
                0x000009dc       0x1e c:/program files (x86)/atmel/studio/7.0/toolchain/arm/arm-gnu-toolchain/bin/../lib/gcc/arm-none-eabi/6.3.1/thumb/v6-m\libgcc.a(_udivsi3.o)
 .ARM.attributes
                0x000009fa       0x1e c:/program files (x86)/atmel/studio/7.0/toolchain/arm/arm-gnu-toolchain/bin/../lib/gcc/arm-none-eabi/6.3.1/thumb/v6-m\libgcc.a(_divsi3.o)
 .ARM.attributes
                0x00000a18       0x1e c:/program files (x86)/atmel/studio/7.0/toolchain/arm/arm-gnu-toolchain/bin/../lib/gcc/arm-none-eabi/6.3.1/thumb/v6-m\libgcc.a(_dvmd_tls.o)
 .ARM.attributes
                0x00000a36       0x2c c:/program files (x86)/atmel/studio/7.0/toolchain/arm/arm-gnu-toolchain/bin/../lib/gcc/arm-none-eabi/6.3.1/../../../../arm-none-eabi/lib/thumb/v6-m\libc_nano.a(lib_a-fflush.o)
 .ARM.attributes
                0x00000a62       0x2c c:/program files (x86)/atmel/studio/7.0/toolchain/arm/arm-gnu-toolchain/bin/../lib/gcc/arm-none-eabi/6.3.1/../../../../arm-none-eabi/lib/thumb/v6-m\libc_nano.a(lib_a-findfp.o)
 .ARM.attributes
                0x00000a8e       0x2c c:/program files (x86)/atmel/studio/7.0/toolchain/arm/arm-gnu-toolchain/bin/../lib/gcc/arm-none-eabi/6.3.1/../../../../arm-none-eabi/lib/thumb/v6-m\libc_nano.a(lib_a-fwalk.o)
 .ARM.attributes
                0x00000aba       0x2c c:/program files (x86)/atmel/studio/7.0/toolchain/arm/arm-gnu-toolchain/bin/../lib/gcc/arm-none-eabi/6.3.1/../../../../arm-none-eabi/lib/thumb/v6-m\libc_nano.a(lib_a-impure.o)
 .ARM.attributes
                0x00000ae6       0x2c c:/program files (x86)/atmel/studio/7.0/toolchain/arm/arm-gnu-toolchain/bin/../lib/gcc/arm-none-eabi/6.3.1/../../../../arm-none-eabi/lib/thumb/v6-m\libc_nano.a(lib_a-init.o)
 .ARM.attributes
                0x00000b12       0x2c c:/program files (x86)/atmel/studio/7.0/toolchain/arm/arm-gnu-toolchain/bin/../lib/gcc/arm-none-eabi/6.3.1/../../../../arm-none-eabi/lib/thumb/v6-m\libc_nano.a(lib_a-malloc.o)
 .ARM.attributes
                0x00000b3e       0x2c c:/program files (x86)/atmel/studio/7.0/toolchain/arm/arm-gnu-toolchain/bin/../lib/gcc/arm-none-eabi/6.3.1/../../../../arm-none-eabi/lib/thumb/v6-m\libc_nano.a(lib_a-memcmp.o)
 .ARM.attributes
                0x00000b6a       0x2c c:/program files (x86)/atmel/studio/7.0/toolchain/arm/arm-gnu-toolchain/bin/../lib/gcc/arm-none-eabi/6.3.1/../../../../arm-none-eabi/lib/thumb/v6-m\libc_nano.a(lib_a-memcpy-stub.o)
 .ARM.attributes
                0x00000b96       0x2c c:/program files (x86)/atmel/studio/7.0/toolchain/arm/arm-gnu-toolchain/bin/../lib/gcc/arm-none-eabi/6.3.1/../../../../arm-none-eabi/lib/thumb/v6-m\libc_nano.a(lib_a-memset.o)
 .ARM.attributes
                0x00000bc2       0x2c c:/program files (x86)/atmel/studio/7.0/toolchain/arm/arm-gnu-toolchain/bin/../lib/gcc/arm-none-eabi/6.3.1/../../../../arm-none-eabi/lib/thumb/v6-m\libc_nano.a(lib_a-nano-freer.o)
 .ARM.attributes
                0x00000bee       0x2c c:/program files (x86)/atmel/studio/7.0/toolchain/arm/arm-gnu-toolchain/bin/../lib/gcc/arm-none-eabi/6.3.1/../../../../arm-none-eabi/lib/thumb/v6-m\libc_nano.a(lib_a-nano-mallocr.o)
 .ARM.attributes
                0x00000c1a       0x2c c:/program files (x86)/atmel/studio/7.0/toolchain/arm/arm-gnu-toolchain/bin/../lib/gcc/arm-none-eabi/6.3.1/../../../../arm-none-eabi/lib/thumb/v6-m\libc_nano.a(lib_a-sbrkr.o)
 .ARM.attributes
                0x00000c46       0x2c c:/program files (x86)/atmel/studio/7.0/toolchain/arm/arm-gnu-toolchain/bin/../lib/gcc/arm-none-eabi/6.3.1/../../../../arm-none-eabi/lib/thumb/v6-m\libc_nano.a(lib_a-setbuf.o)
 .ARM.attributes
                0x00000c72       0x2c c:/program files (x86)/atmel/studio/7.0/toolchain/arm/arm-gnu-toolchain/bin/../lib/gcc/arm-none-eabi/6.3.1/../../../../arm-none-eabi/lib/thumb/v6-m\libc_nano.a(lib_a-setvbuf.o)
 .ARM.attributes
                0x00000c9e       0x2c c:/program files (x86)/atmel/studio/7.0/toolchain/arm/arm-gnu-toolchain/bin/../lib/gcc/arm-none-eabi/6.3.1/../../../../arm-none-eabi/lib/thumb/v6-m\libc_nano.a(lib_a-stdio.o)
 .ARM.attributes
                0x00000cca       0x2c c:/program files (x86)/atmel/studio/7.0/toolchain/arm/arm-gnu-toolchain/bin/../lib/gcc/arm-none-eabi/6.3.1/../../../../arm-none-eabi/lib/thumb/v6-m\libc_nano.a(lib_a-strchr.o)
 .ARM.attributes
                0x00000cf6       0x1c c:/program files (x86)/atmel/studio/7.0/toolchain/arm/arm-gnu-toolchain/bin/../lib/gcc/arm-none-eabi/6.3.1/../../../../arm-none-eabi/lib/thumb/v6-m\libc_nano.a(lib_a-strcmp.o)
 .ARM.attributes
                0x00000d12       0x2c c:/program files (x86)/atmel/studio/7.0/toolchain/arm/arm-gnu-toolchain/bin/../lib/gcc/arm-none-eabi/6.3.1/../../../../arm-none-eabi/lib/thumb/v6-m\libc_nano.a(lib_a-strcpy.o)
 .ARM.attributes
                0x00000d3e       0x1c c:/program files (x86)/atmel/studio/7.0/toolchain/arm/arm-gnu-toolchain/bin/../lib/gcc/arm-none-eabi/6.3.1/../../../../arm-none-eabi/lib/thumb/v6-m\libc_nano.a(lib_a-strlen.o)
 .ARM.attributes
                0x00000d5a       0x2c c:/program files (x86)/atmel/studio/7.0/toolchain/arm/arm-gnu-toolchain/bin/../lib/gcc/arm-none-eabi/6.3.1/../../../../arm-none-eabi/lib/thumb/v6-m\libc_nano.a(lib_a-strncmp.o)
 .ARM.attributes
                0x00000d86       0x2c c:/program files (x86)/atmel/studio/7.0/toolchain/arm/arm-gnu-toolchain/bin/../lib/gcc/arm-none-eabi/6.3.1/../../../../arm-none-eabi/lib/thumb/v6-m\libc_nano.a(lib_a-strncpy.o)
 .ARM.attributes
                0x00000db2       0x2c c:/program files (x86)/atmel/studio/7.0/toolchain/arm/arm-gnu-toolchain/bin/../lib/gcc/arm-none-eabi/6.3.1/../../../../arm-none-eabi/lib/thumb/v6-m\libc_nano.a(lib_a-strstr.o)
 .ARM.attributes
                0x00000dde       0x2c c:/program files (x86)/atmel/studio/7.0/toolchain/arm/arm-gnu-toolchain/bin/../lib/gcc/arm-none-eabi/6.3.1/../../../../arm-none-eabi/lib/thumb/v6-m\libc_nano.a(lib_a-vprintf.o)
 .ARM.attributes
                0x00000e0a       0x2c c:/program files (x86)/atmel/studio/7.0/toolchain/arm/arm-gnu-toolchain/bin/../lib/gcc/arm-none-eabi/6.3.1/../../../../arm-none-eabi/lib/thumb/v6-m\libc_nano.a(lib_a-vsnprintf.o)
 .ARM.attributes
                0x00000e36       0x2c c:/program files (x86)/atmel/studio/7.0/toolchain/arm/arm-gnu-toolchain/bin/../lib/gcc/arm-none-eabi/6.3.1/../../../../arm-none-eabi/lib/thumb/v6-m\libc_nano.a(lib_a-wbuf.o)
 .ARM.attributes
                0x00000e62       0x2c c:/program files (x86)/atmel/studio/7.0/toolchain/arm/arm-gnu-toolchain/bin/../lib/gcc/arm-none-eabi/6.3.1/../../../../arm-none-eabi/lib/thumb/v6-m\libc_nano.a(lib_a-writer.o)
 .ARM.attributes
                0x00000e8e       0x2c c:/program files (x86)/atmel/studio/7.0/toolchain/arm/arm-gnu-toolchain/bin/../lib/gcc/arm-none-eabi/6.3.1/../../../../arm-none-eabi/lib/thumb/v6-m\libc_nano.a(lib_a-wsetup.o)
 .ARM.attributes
                0x00000eba       0x2c c:/program files (x86)/atmel/studio/7.0/toolchain/arm/arm-gnu-toolchain/bin/../lib/gcc/arm-none-eabi/6.3.1/../../../../arm-none-eabi/lib/thumb/v6-m\libc_nano.a(lib_a-closer.o)
 .ARM.attributes
                0x00000ee6       0x2c c:/program files (x86)/atmel/studio/7.0/toolchain/arm/arm-gnu-toolchain/bin/../lib/gcc/arm-none-eabi/6.3.1/../../../../arm-none-eabi/lib/thumb/v6-m\libc_nano.a(lib_a-lseekr.o)
 .ARM.attributes
                0x00000f12       0x2c c:/program files (x86)/atmel/studio/7.0/toolchain/arm/arm-gnu-toolchain/bin/../lib/gcc/arm-none-eabi/6.3.1/../../../../arm-none-eabi/lib/thumb/v6-m\libc_nano.a(lib_a-makebuf.o)
 .ARM.attributes
                0x00000f3e       0x2c c:/program files (x86)/atmel/studio/7.0/toolchain/arm/arm-gnu-toolchain/bin/../lib/gcc/arm-none-eabi/6.3.1/../../../../arm-none-eabi/lib/thumb/v6-m\libc_nano.a(lib_a-mlock.o)
 .ARM.attributes
                0x00000f6a       0x2c c:/program files (x86)/atmel/studio/7.0/toolchain/arm/arm-gnu-toolchain/bin/../lib/gcc/arm-none-eabi/6.3.1/../../../../arm-none-eabi/lib/thumb/v6-m\libc_nano.a(lib_a-nano-svfprintf.o)
 .ARM.attributes
                0x00000f96       0x2c c:/program files (x86)/atmel/studio/7.0/toolchain/arm/arm-gnu-toolchain/bin/../lib/gcc/arm-none-eabi/6.3.1/../../../../arm-none-eabi/lib/thumb/v6-m\libc_nano.a(lib_a-nano-vfprintf.o)
 .ARM.attributes
                0x00000fc2       0x2c c:/program files (x86)/atmel/studio/7.0/toolchain/arm/arm-gnu-toolchain/bin/../lib/gcc/arm-none-eabi/6.3.1/../../../../arm-none-eabi/lib/thumb/v6-m\libc_nano.a(lib_a-nano-vfprintf_i.o)
 .ARM.attributes
                0x00000fee       0x2c c:/program files (x86)/atmel/studio/7.0/toolchain/arm/arm-gnu-toolchain/bin/../lib/gcc/arm-none-eabi/6.3.1/../../../../arm-none-eabi/lib/thumb/v6-m\libc_nano.a(lib_a-readr.o)
 .ARM.attributes
                0x0000101a       0x2c c:/program files (x86)/atmel/studio/7.0/toolchain/arm/arm-gnu-toolchain/bin/../lib/gcc/arm-none-eabi/6.3.1/../../../../arm-none-eabi/lib/thumb/v6-m\libc_nano.a(lib_a-reent.o)
 .ARM.attributes
                0x00001046       0x2c c:/program files (x86)/atmel/studio/7.0/toolchain/arm/arm-gnu-toolchain/bin/../lib/gcc/arm-none-eabi/6.3.1/../../../../arm-none-eabi/lib/thumb/v6-m\libc_nano.a(lib_a-fstatr.o)
 .ARM.attributes
                0x00001072       0x2c c:/program files (x86)/atmel/studio/7.0/toolchain/arm/arm-gnu-toolchain/bin/../lib/gcc/arm-none-eabi/6.3.1/../../../../arm-none-eabi/lib/thumb/v6-m\libc_nano.a(lib_a-isattyr.o)
 .ARM.attributes
                0x0000109e       0x2c c:/program files (x86)/atmel/studio/7.0/toolchain/arm/arm-gnu-toolchain/bin/../lib/gcc/arm-none-eabi/6.3.1/../../../../arm-none-eabi/lib/thumb/v6-m\libc_nano.a(lib_a-memchr-stub.o)
 .ARM.attributes
                0x000010ca       0x2c c:/program files (x86)/atmel/studio/7.0/toolchain/arm/arm-gnu-toolchain/bin/../lib/gcc/arm-none-eabi/6.3.1/../../../../arm-none-eabi/lib/thumb/v6-m\libc_nano.a(lib_a-memmove.o)
 .ARM.attributes
                0x000010f6       0x2c c:/program files (x86)/atmel/studio/7.0/toolchain/arm/arm-gnu-toolchain/bin/../lib/gcc/arm-none-eabi/6.3.1/../../../../arm-none-eabi/lib/thumb/v6-m\libc_nano.a(lib_a-nano-reallocr.o)
 .ARM.attributes
                0x00001122       0x2c c:/program files (x86)/atmel/studio/7.0/toolchain/arm/arm-gnu-toolchain/bin/../lib/gcc/arm-none-eabi/6.3.1/../../../../arm-none-eabi/lib/thumb/v6-m\libc_nano.a(lib_a-nano-msizer.o)
 .ARM.attributes
                0x0000114e       0x1e c:/program files (x86)/atmel/studio/7.0/toolchain/arm/arm-gnu-toolchain/bin/../lib/gcc/arm-none-eabi/6.3.1/thumb/v6-m/crtn.o

.comment        0x00000000       0x59
 .comment       0x00000000       0x59 atmel_start.o
                                 0x5a (size before relaxing)
 .comment       0x00000059       0x5a Device_Startup/startup_saml21.o
 .comment       0x00000059       0x5a Device_Startup/system_saml21.o
 .comment       0x00000059       0x5a driver_init.o
 .comment       0x00000059       0x5a atsaml21_sim800tcp_basic.o
 .comment       0x00000059       0x5a hal/src/hal_atomic.o
 .comment       0x00000059       0x5a hal/src/hal_delay.o
 .comment       0x00000059       0x5a hal/src/hal_io.o
 .comment       0x00000059       0x5a hal/src/hal_usart_async.o
 .comment       0x00000059       0x5a hal/src/hal_usart_sync.o
 .comment       0x00000059       0x5a hal/utils/src/utils_assert.o
 .comment       0x00000059       0x5a hal/utils/src/utils_ringbuffer.o
 .comment       0x00000059       0x5a hal/utils/src/utils_syscalls.o
 .comment       0x00000059       0x5a hpl/core/hpl_core_m0plus_base.o
 .comment       0x00000059       0x5a hpl/core/hpl_init.o
 .comment       0x00000059       0x5a hpl/gclk/hpl_gclk.o
 .comment       0x00000059       0x5a hpl/mclk/hpl_mclk.o
 .comment       0x00000059       0x5a hpl/osc32kctrl/hpl_osc32kctrl.o
 .comment       0x00000059       0x5a hpl/oscctrl/hpl_oscctrl.o
 .comment       0x00000059       0x5a hpl/pm/hpl_pm.o
 .comment       0x00000059       0x5a hpl/sercom/hpl_sercom.o
 .comment       0x00000059       0x5a linkkit/atm/at_api.o
 .comment       0x00000059       0x5a linkkit/atm/at_conn_mbox.o
 .comment       0x00000059       0x5a linkkit/atm/at_conn_mgmt.o
 .comment       0x00000059       0x5a linkkit/atm/at_parser.o
 .comment       0x00000059       0x5a linkkit/atm/at_tcp.o
 .comment       0x00000059       0x5a linkkit/atm/sim800.o
 .comment       0x00000059       0x5a linkkit/dev_sign/dev_sign_mqtt.o
 .comment       0x00000059       0x5a linkkit/example/mqtt_example_at.o
 .comment       0x00000059       0x5a linkkit/infra/infra_defs.o
 .comment       0x00000059       0x5a linkkit/infra/infra_net.o
 .comment       0x00000059       0x5a linkkit/infra/infra_report.o
 .comment       0x00000059       0x5a linkkit/infra/infra_sha256.o
 .comment       0x00000059       0x5a linkkit/infra/infra_string.o
 .comment       0x00000059       0x5a linkkit/infra/infra_timer.o
 .comment       0x00000059       0x5a linkkit/mqtt/iotx_mqtt_client.o
 .comment       0x00000059       0x5a linkkit/mqtt/MQTTConnectClient.o
 .comment       0x00000059       0x5a linkkit/mqtt/MQTTDeserializePublish.o
 .comment       0x00000059       0x5a linkkit/mqtt/MQTTPacket.o
 .comment       0x00000059       0x5a linkkit/mqtt/MQTTSerializePublish.o
 .comment       0x00000059       0x5a linkkit/mqtt/MQTTSubscribeClient.o
 .comment       0x00000059       0x5a linkkit/mqtt/MQTTUnsubscribeClient.o
 .comment       0x00000059       0x5a linkkit/mqtt/mqtt_api.o
 .comment       0x00000059       0x5a linkkit/wrappers/wrapper.o
 .comment       0x00000059       0x5a stdio_redirect/gcc/read.o
 .comment       0x00000059       0x5a stdio_redirect/gcc/write.o
 .comment       0x00000059       0x5a stdio_redirect/stdio_io.o
 .comment       0x00000059       0x5a stdio_start.o
 .comment       0x00000059       0x5a time_tick_sam.o

.debug_info     0x00000000    0x3c6d2
 .debug_info    0x00000000      0xd38 atmel_start.o
 .debug_info    0x00000d38      0xa27 Device_Startup/startup_saml21.o
 .debug_info    0x0000175f       0xd5 Device_Startup/system_saml21.o
 .debug_info    0x00001834     0x402b driver_init.o
 .debug_info    0x0000585f      0xdae atsaml21_sim800tcp_basic.o
 .debug_info    0x0000660d      0x1d1 hal/src/hal_atomic.o
 .debug_info    0x000067de      0x1dc hal/src/hal_delay.o
 .debug_info    0x000069ba      0x2b2 hal/src/hal_io.o
 .debug_info    0x00006c6c     0x1366 hal/src/hal_usart_async.o
 .debug_info    0x00007fd2      0xc56 hal/src/hal_usart_sync.o
 .debug_info    0x00008c28      0x107 hal/utils/src/utils_assert.o
 .debug_info    0x00008d2f      0x313 hal/utils/src/utils_ringbuffer.o
 .debug_info    0x00009042      0xdca hal/utils/src/utils_syscalls.o
 .debug_info    0x00009e0c      0x858 hpl/core/hpl_core_m0plus_base.o
 .debug_info    0x0000a664      0x6d4 hpl/core/hpl_init.o
 .debug_info    0x0000ad38      0x582 hpl/gclk/hpl_gclk.o
 .debug_info    0x0000b2ba      0xa0e hpl/mclk/hpl_mclk.o
 .debug_info    0x0000bcc8      0x620 hpl/osc32kctrl/hpl_osc32kctrl.o
 .debug_info    0x0000c2e8      0xe4d hpl/oscctrl/hpl_oscctrl.o
 .debug_info    0x0000d135      0xabc hpl/pm/hpl_pm.o
 .debug_info    0x0000dbf1     0xb539 hpl/sercom/hpl_sercom.o
 .debug_info    0x0001912a       0xdd linkkit/atm/at_api.o
 .debug_info    0x00019207     0x10e9 linkkit/atm/at_conn_mbox.o
 .debug_info    0x0001a2f0     0x170b linkkit/atm/at_conn_mgmt.o
 .debug_info    0x0001b9fb     0x1bef linkkit/atm/at_parser.o
 .debug_info    0x0001d5ea     0x1062 linkkit/atm/at_tcp.o
 .debug_info    0x0001e64c     0x368f linkkit/atm/sim800.o
 .debug_info    0x00021cdb     0x1870 linkkit/dev_sign/dev_sign_mqtt.o
 .debug_info    0x0002354b     0x1618 linkkit/example/mqtt_example_at.o
 .debug_info    0x00024b63       0xc7 linkkit/infra/infra_defs.o
 .debug_info    0x00024c2a      0xea8 linkkit/infra/infra_net.o
 .debug_info    0x00025ad2     0x1c29 linkkit/infra/infra_report.o
 .debug_info    0x000276fb     0x119b linkkit/infra/infra_sha256.o
 .debug_info    0x00028896      0xc63 linkkit/infra/infra_string.o
 .debug_info    0x000294f9      0x283 linkkit/infra/infra_timer.o
 .debug_info    0x0002977c     0x675c linkkit/mqtt/iotx_mqtt_client.o
 .debug_info    0x0002fed8     0x1201 linkkit/mqtt/MQTTConnectClient.o
 .debug_info    0x000310d9      0xd4c linkkit/mqtt/MQTTDeserializePublish.o
 .debug_info    0x00031e25      0xfcd linkkit/mqtt/MQTTPacket.o
 .debug_info    0x00032df2      0xe17 linkkit/mqtt/MQTTSerializePublish.o
 .debug_info    0x00033c09      0xe66 linkkit/mqtt/MQTTSubscribeClient.o
 .debug_info    0x00034a6f      0xda1 linkkit/mqtt/MQTTUnsubscribeClient.o
 .debug_info    0x00035810     0x24bc linkkit/mqtt/mqtt_api.o
 .debug_info    0x00037ccc     0x176b linkkit/wrappers/wrapper.o
 .debug_info    0x00039437      0xa34 stdio_redirect/gcc/read.o
 .debug_info    0x00039e6b      0xa34 stdio_redirect/gcc/write.o
 .debug_info    0x0003a89f      0xbe2 stdio_redirect/stdio_io.o
 .debug_info    0x0003b481      0xd89 stdio_start.o
 .debug_info    0x0003c20a      0x4c8 time_tick_sam.o

.debug_abbrev   0x00000000     0x748c
 .debug_abbrev  0x00000000      0x1ad atmel_start.o
 .debug_abbrev  0x000001ad      0x1e4 Device_Startup/startup_saml21.o
 .debug_abbrev  0x00000391       0x72 Device_Startup/system_saml21.o
 .debug_abbrev  0x00000403      0x35b driver_init.o
 .debug_abbrev  0x0000075e      0x1f9 atsaml21_sim800tcp_basic.o
 .debug_abbrev  0x00000957      0x144 hal/src/hal_atomic.o
 .debug_abbrev  0x00000a9b       0xe1 hal/src/hal_delay.o
 .debug_abbrev  0x00000b7c      0x115 hal/src/hal_io.o
 .debug_abbrev  0x00000c91      0x29d hal/src/hal_usart_async.o
 .debug_abbrev  0x00000f2e      0x217 hal/src/hal_usart_sync.o
 .debug_abbrev  0x00001145       0x86 hal/utils/src/utils_assert.o
 .debug_abbrev  0x000011cb      0x101 hal/utils/src/utils_ringbuffer.o
 .debug_abbrev  0x000012cc      0x269 hal/utils/src/utils_syscalls.o
 .debug_abbrev  0x00001535      0x2bb hpl/core/hpl_core_m0plus_base.o
 .debug_abbrev  0x000017f0      0x1d9 hpl/core/hpl_init.o
 .debug_abbrev  0x000019c9      0x19a hpl/gclk/hpl_gclk.o
 .debug_abbrev  0x00001b63      0x1b7 hpl/mclk/hpl_mclk.o
 .debug_abbrev  0x00001d1a      0x1a2 hpl/osc32kctrl/hpl_osc32kctrl.o
 .debug_abbrev  0x00001ebc      0x221 hpl/oscctrl/hpl_oscctrl.o
 .debug_abbrev  0x000020dd      0x24c hpl/pm/hpl_pm.o
 .debug_abbrev  0x00002329      0x5cc hpl/sercom/hpl_sercom.o
 .debug_abbrev  0x000028f5       0x99 linkkit/atm/at_api.o
 .debug_abbrev  0x0000298e      0x378 linkkit/atm/at_conn_mbox.o
 .debug_abbrev  0x00002d06      0x399 linkkit/atm/at_conn_mgmt.o
 .debug_abbrev  0x0000309f      0x3f7 linkkit/atm/at_parser.o
 .debug_abbrev  0x00003496      0x2bf linkkit/atm/at_tcp.o
 .debug_abbrev  0x00003755      0x3ba linkkit/atm/sim800.o
 .debug_abbrev  0x00003b0f      0x2c2 linkkit/dev_sign/dev_sign_mqtt.o
 .debug_abbrev  0x00003dd1      0x2e8 linkkit/example/mqtt_example_at.o
 .debug_abbrev  0x000040b9       0x69 linkkit/infra/infra_defs.o
 .debug_abbrev  0x00004122      0x2a3 linkkit/infra/infra_net.o
 .debug_abbrev  0x000043c5      0x329 linkkit/infra/infra_report.o
 .debug_abbrev  0x000046ee      0x32b linkkit/infra/infra_sha256.o
 .debug_abbrev  0x00004a19      0x272 linkkit/infra/infra_string.o
 .debug_abbrev  0x00004c8b      0x13f linkkit/infra/infra_timer.o
 .debug_abbrev  0x00004dca      0x53e linkkit/mqtt/iotx_mqtt_client.o
 .debug_abbrev  0x00005308      0x290 linkkit/mqtt/MQTTConnectClient.o
 .debug_abbrev  0x00005598      0x271 linkkit/mqtt/MQTTDeserializePublish.o
 .debug_abbrev  0x00005809      0x2e4 linkkit/mqtt/MQTTPacket.o
 .debug_abbrev  0x00005aed      0x291 linkkit/mqtt/MQTTSerializePublish.o
 .debug_abbrev  0x00005d7e      0x2a1 linkkit/mqtt/MQTTSubscribeClient.o
 .debug_abbrev  0x0000601f      0x292 linkkit/mqtt/MQTTUnsubscribeClient.o
 .debug_abbrev  0x000062b1      0x422 linkkit/mqtt/mqtt_api.o
 .debug_abbrev  0x000066d3      0x41a linkkit/wrappers/wrapper.o
 .debug_abbrev  0x00006aed      0x1e8 stdio_redirect/gcc/read.o
 .debug_abbrev  0x00006cd5      0x1e8 stdio_redirect/gcc/write.o
 .debug_abbrev  0x00006ebd      0x229 stdio_redirect/stdio_io.o
 .debug_abbrev  0x000070e6      0x1db stdio_start.o
 .debug_abbrev  0x000072c1      0x1cb time_tick_sam.o

.debug_loc      0x00000000    0x180e7
 .debug_loc     0x00000000       0x20 atmel_start.o
 .debug_loc     0x00000020       0x40 Device_Startup/startup_saml21.o
 .debug_loc     0x00000060      0x60d driver_init.o
 .debug_loc     0x0000066d       0x20 atsaml21_sim800tcp_basic.o
 .debug_loc     0x0000068d       0x13 hal/src/hal_atomic.o
 .debug_loc     0x000006a0       0xc3 hal/src/hal_delay.o
 .debug_loc     0x00000763      0x18a hal/src/hal_io.o
 .debug_loc     0x000008ed      0xf97 hal/src/hal_usart_async.o
 .debug_loc     0x00001884      0x9b2 hal/src/hal_usart_sync.o
 .debug_loc     0x00002236      0x2d1 hal/utils/src/utils_ringbuffer.o
 .debug_loc     0x00002507      0x13b hal/utils/src/utils_syscalls.o
 .debug_loc     0x00002642      0x1f7 hpl/core/hpl_core_m0plus_base.o
 .debug_loc     0x00002839       0x4c hpl/core/hpl_init.o
 .debug_loc     0x00002885       0x72 hpl/gclk/hpl_gclk.o
 .debug_loc     0x000028f7       0x84 hpl/mclk/hpl_mclk.o
 .debug_loc     0x0000297b       0x94 hpl/osc32kctrl/hpl_osc32kctrl.o
 .debug_loc     0x00002a0f       0x18 hpl/oscctrl/hpl_oscctrl.o
 .debug_loc     0x00002a27      0x188 hpl/pm/hpl_pm.o
 .debug_loc     0x00002baf     0x80f3 hpl/sercom/hpl_sercom.o
 .debug_loc     0x0000aca2       0x81 linkkit/atm/at_api.o
 .debug_loc     0x0000ad23      0x820 linkkit/atm/at_conn_mbox.o
 .debug_loc     0x0000b543      0xda5 linkkit/atm/at_conn_mgmt.o
 .debug_loc     0x0000c2e8     0x1015 linkkit/atm/at_parser.o
 .debug_loc     0x0000d2fd      0x5d1 linkkit/atm/at_tcp.o
 .debug_loc     0x0000d8ce      0xcbf linkkit/atm/sim800.o
 .debug_loc     0x0000e58d      0x1d8 linkkit/dev_sign/dev_sign_mqtt.o
 .debug_loc     0x0000e765      0x41d linkkit/example/mqtt_example_at.o
 .debug_loc     0x0000eb82      0x5b5 linkkit/infra/infra_net.o
 .debug_loc     0x0000f137      0x5a4 linkkit/infra/infra_report.o
 .debug_loc     0x0000f6db     0x1098 linkkit/infra/infra_sha256.o
 .debug_loc     0x00010773      0x396 linkkit/infra/infra_string.o
 .debug_loc     0x00010b09      0x256 linkkit/infra/infra_timer.o